mode: set
github.com/daniyelford/NeuroCallAi/pkg/neurocall/methods.go:8.9,15.2 1 1
github.com/daniyelford/NeuroCallAi/pkg/neurocall/methods.go:16.29,18.2 1 1
github.com/daniyelford/NeuroCallAi/pkg/neurocall/methods.go:19.31,21.2 1 1
github.com/daniyelford/NeuroCallAi/main.go:14.13,37.43 6 0
github.com/daniyelford/NeuroCallAi/main.go:37.43,39.3 1 0
github.com/daniyelford/NeuroCallAi/main.go:41.2,59.12 7 0
github.com/daniyelford/NeuroCallAi/main.go:59.12,61.3 1 0
github.com/daniyelford/NeuroCallAi/main.go:63.2,63.9 1 0
github.com/daniyelford/NeuroCallAi/main.go:64.21,65.17 1 0
github.com/daniyelford/NeuroCallAi/main.go:65.17,67.4 1 0
github.com/daniyelford/NeuroCallAi/main.go:68.28,69.43 1 0
github.com/daniyelford/NeuroCallAi/main.go:72.2,72.36 1 0
github.com/daniyelford/NeuroCallAi/core/AudioBuffer.go:3.48,4.18 1 1
github.com/daniyelford/NeuroCallAi/core/AudioBuffer.go:4.18,6.3 1 1
github.com/daniyelford/NeuroCallAi/core/AudioBuffer.go:7.2,10.3 1 1
github.com/daniyelford/NeuroCallAi/core/AudioBuffer.go:12.43,13.20 1 1
github.com/daniyelford/NeuroCallAi/core/AudioBuffer.go:13.20,15.3 1 1
github.com/daniyelford/NeuroCallAi/core/AudioBuffer.go:16.2,20.28 4 1
github.com/daniyelford/NeuroCallAi/core/AudioBuffer.go:20.28,23.3 2 1
github.com/daniyelford/NeuroCallAi/core/AudioBuffer.go:25.43,28.32 3 1
github.com/daniyelford/NeuroCallAi/core/AudioBuffer.go:28.32,30.3 1 1
github.com/daniyelford/NeuroCallAi/core/AudioBuffer.go:31.2,31.21 1 1
github.com/daniyelford/NeuroCallAi/core/AudioBuffer.go:31.21,33.3 1 1
github.com/daniyelford/NeuroCallAi/core/AudioBuffer.go:34.2,37.12 4 1
github.com/daniyelford/NeuroCallAi/core/AudioBuffer.go:39.33,43.2 3 1
github.com/daniyelford/NeuroCallAi/core/AudioBuffer.go:44.31,48.2 3 1
github.com/daniyelford/NeuroCallAi/core/AudioEngine.go:5.16,10.2 1 1
github.com/daniyelford/NeuroCallAi/core/AudioEngine.go:11.37,15.15 2 1
github.com/daniyelford/NeuroCallAi/core/AudioEngine.go:15.15,18.3 2 1
github.com/daniyelford/NeuroCallAi/core/AudioEngine.go:20.2,26.12 4 0
github.com/daniyelford/NeuroCallAi/core/AudioPipeline.go:9.55,17.2 2 1
github.com/daniyelford/NeuroCallAi/core/AudioPipeline.go:18.33,19.14 1 1
github.com/daniyelford/NeuroCallAi/core/AudioPipeline.go:19.14,21.3 1 0
github.com/daniyelford/NeuroCallAi/core/AudioPipeline.go:22.2,23.27 2 1
github.com/daniyelford/NeuroCallAi/core/AudioPipeline.go:23.27,26.3 2 0
github.com/daniyelford/NeuroCallAi/core/AudioPipeline.go:27.2,29.12 3 1
github.com/daniyelford/NeuroCallAi/core/AudioPipeline.go:31.62,35.20 4 1
github.com/daniyelford/NeuroCallAi/core/AudioPipeline.go:35.20,37.3 1 1
github.com/daniyelford/NeuroCallAi/core/AudioPipeline.go:38.2,38.20 1 1
github.com/daniyelford/NeuroCallAi/core/AudioPipeline.go:38.20,41.3 1 1
github.com/daniyelford/NeuroCallAi/core/AudioPipeline.go:42.2,43.19 2 1
github.com/daniyelford/NeuroCallAi/core/AudioPipeline.go:43.19,45.3 1 0
github.com/daniyelford/NeuroCallAi/core/AudioPipeline.go:46.2,46.17 1 1
github.com/daniyelford/NeuroCallAi/core/AudioPipeline.go:48.61,52.20 4 1
github.com/daniyelford/NeuroCallAi/core/AudioPipeline.go:52.20,54.3 1 1
github.com/daniyelford/NeuroCallAi/core/AudioPipeline.go:55.2,55.19 1 1
github.com/daniyelford/NeuroCallAi/core/AudioPipeline.go:55.19,57.3 1 1
github.com/daniyelford/NeuroCallAi/core/AudioPipeline.go:58.2,59.23 2 1
github.com/daniyelford/NeuroCallAi/core/AudioPipeline.go:59.23,61.3 1 0
github.com/daniyelford/NeuroCallAi/core/AudioPipeline.go:62.2,62.21 1 1
github.com/daniyelford/NeuroCallAi/core/AudioPipeline.go:65.39,66.14 1 1
github.com/daniyelford/NeuroCallAi/core/AudioPipeline.go:66.14,68.3 1 0
github.com/daniyelford/NeuroCallAi/core/AudioPipeline.go:69.2,70.14 2 1
github.com/daniyelford/NeuroCallAi/core/AudioPipeline.go:70.14,73.3 2 0
github.com/daniyelford/NeuroCallAi/core/AudioPipeline.go:74.2,78.19 5 1
github.com/daniyelford/NeuroCallAi/core/AudioPipeline.go:78.19,80.3 1 1
github.com/daniyelford/NeuroCallAi/core/AudioPipeline.go:81.2,81.12 1 1
github.com/daniyelford/NeuroCallAi/core/AudioPipeline.go:83.63,87.2 3 1
github.com/daniyelford/NeuroCallAi/core/AudioPipeline.go:88.63,92.2 3 1
github.com/daniyelford/NeuroCallAi/core/AudioPipeline.go:93.69,97.2 3 1
github.com/daniyelford/NeuroCallAi/core/AudioPipeline.go:98.83,102.22 4 1
github.com/daniyelford/NeuroCallAi/core/AudioPipeline.go:102.22,104.3 1 1
github.com/daniyelford/NeuroCallAi/core/AudioPipeline.go:105.2,105.24 1 1
github.com/daniyelford/NeuroCallAi/core/AudioPipeline.go:105.24,107.3 1 1
github.com/daniyelford/NeuroCallAi/core/AudioPipeline.go:108.2,108.52 1 1
github.com/daniyelford/NeuroCallAi/core/AudioPipeline.go:110.53,114.2 3 1
github.com/daniyelford/NeuroCallAi/core/AudioPipeline.go:115.53,119.2 3 1
github.com/daniyelford/NeuroCallAi/core/AudioPipeline.go:120.57,124.2 3 0
github.com/daniyelford/NeuroCallAi/core/AudioPipeline.go:125.51,126.14 1 1
github.com/daniyelford/NeuroCallAi/core/AudioPipeline.go:126.14,128.3 1 0
github.com/daniyelford/NeuroCallAi/core/AudioPipeline.go:129.2,129.21 1 1
github.com/daniyelford/NeuroCallAi/core/AudioPipeline.go:129.21,131.3 1 0
github.com/daniyelford/NeuroCallAi/core/AudioPipeline.go:132.2,133.28 2 1
github.com/daniyelford/NeuroCallAi/core/AudioPipeline.go:133.28,136.3 2 0
github.com/daniyelford/NeuroCallAi/core/AudioPipeline.go:137.2,140.9 4 1
github.com/daniyelford/NeuroCallAi/core/AudioPipeline.go:141.20,142.33 1 0
github.com/daniyelford/NeuroCallAi/core/AudioPipeline.go:143.22,144.13 1 1
github.com/daniyelford/NeuroCallAi/core/AudioPipeline.go:147.49,148.14 1 1
github.com/daniyelford/NeuroCallAi/core/AudioPipeline.go:148.14,150.3 1 0
github.com/daniyelford/NeuroCallAi/core/AudioPipeline.go:152.2,152.9 1 1
github.com/daniyelford/NeuroCallAi/core/AudioPipeline.go:153.22,154.38 1 0
github.com/daniyelford/NeuroCallAi/core/AudioPipeline.go:156.31,157.10 1 1
github.com/daniyelford/NeuroCallAi/core/AudioPipeline.go:157.10,159.4 1 0
github.com/daniyelford/NeuroCallAi/core/AudioPipeline.go:161.3,161.22 1 1
github.com/daniyelford/NeuroCallAi/core/AudioPipeline.go:161.22,163.4 1 0
github.com/daniyelford/NeuroCallAi/core/AudioPipeline.go:165.3,165.20 1 1
github.com/daniyelford/NeuroCallAi/core/AudioPipeline.go:168.31,169.15 1 1
github.com/daniyelford/NeuroCallAi/core/AudioPipeline.go:169.15,173.3 3 1
github.com/daniyelford/NeuroCallAi/core/AudioPipeline.go:174.2,174.6 1 1
github.com/daniyelford/NeuroCallAi/core/AudioPipeline.go:174.6,175.10 1 1
github.com/daniyelford/NeuroCallAi/core/AudioPipeline.go:176.23,177.10 1 1
github.com/daniyelford/NeuroCallAi/core/AudioPipeline.go:178.29,179.11 1 1
github.com/daniyelford/NeuroCallAi/core/AudioPipeline.go:179.11,181.5 1 0
github.com/daniyelford/NeuroCallAi/core/AudioPipeline.go:182.4,182.21 1 1
github.com/daniyelford/NeuroCallAi/core/AudioPipeline.go:182.21,183.13 1 0
github.com/daniyelford/NeuroCallAi/core/AudioPipeline.go:185.4,189.40 5 1
github.com/daniyelford/NeuroCallAi/core/AudioPipeline.go:189.40,190.13 1 1
github.com/daniyelford/NeuroCallAi/core/AudioPipeline.go:192.4,193.25 2 1
github.com/daniyelford/NeuroCallAi/core/AudioPipeline.go:193.25,194.13 1 0
github.com/daniyelford/NeuroCallAi/core/AudioPipeline.go:196.4,197.25 2 1
github.com/daniyelford/NeuroCallAi/core/AudioPipeline.go:197.25,198.13 1 0
github.com/daniyelford/NeuroCallAi/core/AudioPipeline.go:200.4,200.11 1 1
github.com/daniyelford/NeuroCallAi/core/AudioPipeline.go:201.29,201.29 0 1
github.com/daniyelford/NeuroCallAi/core/AudioPipeline.go:202.24,203.11 1 0
github.com/daniyelford/NeuroCallAi/core/AudioProcessor.go:15.28,17.16 1 1
github.com/daniyelford/NeuroCallAi/core/AudioProcessor.go:17.16,19.3 1 1
github.com/daniyelford/NeuroCallAi/core/AudioProcessor.go:21.2,21.22 1 1
github.com/daniyelford/NeuroCallAi/core/AudioProcessor.go:21.22,23.3 1 1
github.com/daniyelford/NeuroCallAi/core/AudioProcessor.go:25.2,25.19 1 1
github.com/daniyelford/NeuroCallAi/core/AudioProcessor.go:25.19,27.3 1 1
github.com/daniyelford/NeuroCallAi/core/AudioProcessor.go:29.2,29.16 1 1
github.com/daniyelford/NeuroCallAi/core/AudioProcessor.go:29.16,31.3 1 1
github.com/daniyelford/NeuroCallAi/core/AudioProcessor.go:33.2,42.8 2 1
github.com/daniyelford/NeuroCallAi/core/AudioProcessor.go:44.40,45.14 1 1
github.com/daniyelford/NeuroCallAi/core/AudioProcessor.go:45.14,47.3 1 1
github.com/daniyelford/NeuroCallAi/core/AudioProcessor.go:49.2,51.14 2 1
github.com/daniyelford/NeuroCallAi/core/AudioProcessor.go:51.14,54.3 2 1
github.com/daniyelford/NeuroCallAi/core/AudioProcessor.go:56.2,56.15 1 1
github.com/daniyelford/NeuroCallAi/core/AudioProcessor.go:56.15,59.3 2 1
github.com/daniyelford/NeuroCallAi/core/AudioProcessor.go:61.2,67.19 4 1
github.com/daniyelford/NeuroCallAi/core/AudioProcessor.go:67.19,68.40 1 1
github.com/daniyelford/NeuroCallAi/core/AudioProcessor.go:68.40,74.4 4 1
github.com/daniyelford/NeuroCallAi/core/AudioProcessor.go:77.2,77.12 1 1
github.com/daniyelford/NeuroCallAi/core/AudioProcessor.go:79.39,80.14 1 1
github.com/daniyelford/NeuroCallAi/core/AudioProcessor.go:80.14,82.3 1 1
github.com/daniyelford/NeuroCallAi/core/AudioProcessor.go:84.2,86.14 2 1
github.com/daniyelford/NeuroCallAi/core/AudioProcessor.go:86.14,89.3 2 1
github.com/daniyelford/NeuroCallAi/core/AudioProcessor.go:91.2,99.19 6 1
github.com/daniyelford/NeuroCallAi/core/AudioProcessor.go:99.19,101.3 1 1
github.com/daniyelford/NeuroCallAi/core/AudioProcessor.go:103.2,103.19 1 1
github.com/daniyelford/NeuroCallAi/core/AudioProcessor.go:103.19,105.3 1 1
github.com/daniyelford/NeuroCallAi/core/AudioProcessor.go:107.2,107.12 1 1
github.com/daniyelford/NeuroCallAi/core/AudioProcessor.go:109.41,110.14 1 1
github.com/daniyelford/NeuroCallAi/core/AudioProcessor.go:110.14,112.3 1 0
github.com/daniyelford/NeuroCallAi/core/AudioProcessor.go:114.2,117.31 3 1
github.com/daniyelford/NeuroCallAi/core/AudioProcessor.go:119.40,120.14 1 1
github.com/daniyelford/NeuroCallAi/core/AudioProcessor.go:120.14,122.3 1 0
github.com/daniyelford/NeuroCallAi/core/AudioProcessor.go:124.2,127.17 3 1
github.com/daniyelford/NeuroCallAi/core/AudioProcessor.go:129.52,130.14 1 1
github.com/daniyelford/NeuroCallAi/core/AudioProcessor.go:130.14,132.3 1 1
github.com/daniyelford/NeuroCallAi/core/AudioProcessor.go:134.2,137.14 3 1
github.com/daniyelford/NeuroCallAi/core/AudioProcessor.go:141.9,143.16 1 1
github.com/daniyelford/NeuroCallAi/core/AudioProcessor.go:143.16,145.3 1 1
github.com/daniyelford/NeuroCallAi/core/AudioProcessor.go:147.2,150.14 3 1
github.com/daniyelford/NeuroCallAi/core/AudioProcessor.go:150.14,152.3 1 1
github.com/daniyelford/NeuroCallAi/core/AudioProcessor.go:154.2,156.12 2 1
github.com/daniyelford/NeuroCallAi/core/AudioProcessor.go:160.9,162.22 1 1
github.com/daniyelford/NeuroCallAi/core/AudioProcessor.go:162.22,164.3 1 1
github.com/daniyelford/NeuroCallAi/core/AudioProcessor.go:166.2,169.14 3 1
github.com/daniyelford/NeuroCallAi/core/AudioProcessor.go:169.14,171.3 1 1
github.com/daniyelford/NeuroCallAi/core/AudioProcessor.go:173.2,175.12 2 1
github.com/daniyelford/NeuroCallAi/core/AudioProcessor.go:179.9,181.19 1 1
github.com/daniyelford/NeuroCallAi/core/AudioProcessor.go:181.19,183.3 1 1
github.com/daniyelford/NeuroCallAi/core/AudioProcessor.go:185.2,188.14 3 1
github.com/daniyelford/NeuroCallAi/core/AudioProcessor.go:188.14,190.3 1 1
github.com/daniyelford/NeuroCallAi/core/AudioProcessor.go:192.2,194.12 2 1
github.com/daniyelford/NeuroCallAi/core/AudioProcessor.go:196.46,201.2 3 1
github.com/daniyelford/NeuroCallAi/core/AudioProcessor.go:202.64,207.2 3 1
github.com/daniyelford/NeuroCallAi/core/AudioProcessor.go:208.46,213.2 3 1
github.com/daniyelford/NeuroCallAi/core/AudioProcessor.go:216.9,218.14 1 1
github.com/daniyelford/NeuroCallAi/core/AudioProcessor.go:218.14,220.3 1 1
github.com/daniyelford/NeuroCallAi/core/AudioProcessor.go:222.2,222.26 1 1
github.com/daniyelford/NeuroCallAi/core/AudioProcessor.go:222.26,224.3 1 1
github.com/daniyelford/NeuroCallAi/core/AudioProcessor.go:226.2,226.27 1 1
github.com/daniyelford/NeuroCallAi/core/AudioProcessor.go:226.27,228.3 1 1
github.com/daniyelford/NeuroCallAi/core/AudioProcessor.go:230.2,230.25 1 1
github.com/daniyelford/NeuroCallAi/core/AudioProcessor.go:230.25,232.3 1 1
github.com/daniyelford/NeuroCallAi/core/AudioProcessor.go:234.2,236.28 2 1
github.com/daniyelford/NeuroCallAi/core/AudioProcessor.go:236.28,239.3 2 1
github.com/daniyelford/NeuroCallAi/core/AudioProcessor.go:241.2,248.16 6 1
github.com/daniyelford/NeuroCallAi/core/AudioProcessor.go:248.16,250.3 1 1
github.com/daniyelford/NeuroCallAi/core/AudioProcessor.go:252.2,252.22 1 1
github.com/daniyelford/NeuroCallAi/core/AudioProcessor.go:252.22,254.3 1 1
github.com/daniyelford/NeuroCallAi/core/AudioProcessor.go:256.2,256.19 1 1
github.com/daniyelford/NeuroCallAi/core/AudioProcessor.go:256.19,258.3 1 1
github.com/daniyelford/NeuroCallAi/core/AudioProcessor.go:260.2,261.16 2 1
github.com/daniyelford/NeuroCallAi/core/AudioProcessor.go:261.16,264.3 2 1
github.com/daniyelford/NeuroCallAi/core/AudioProcessor.go:266.2,266.13 1 1
github.com/daniyelford/NeuroCallAi/core/AudioProcessor.go:266.13,268.3 1 1
github.com/daniyelford/NeuroCallAi/core/AudioProcessor.go:270.2,271.16 2 1
github.com/daniyelford/NeuroCallAi/core/AudioProcessor.go:271.16,274.3 2 1
github.com/daniyelford/NeuroCallAi/core/AudioProcessor.go:276.2,276.35 1 1
github.com/daniyelford/NeuroCallAi/core/AudioProcessor.go:276.35,277.29 1 1
github.com/daniyelford/NeuroCallAi/core/AudioProcessor.go:277.29,278.12 1 0
github.com/daniyelford/NeuroCallAi/core/AudioProcessor.go:281.3,281.46 1 1
github.com/daniyelford/NeuroCallAi/core/AudioProcessor.go:281.46,283.4 1 0
github.com/daniyelford/NeuroCallAi/core/AudioProcessor.go:285.3,285.28 1 1
github.com/daniyelford/NeuroCallAi/core/AudioProcessor.go:288.2,288.12 1 1
github.com/daniyelford/NeuroCallAi/core/AudioProcessor.go:290.40,291.14 1 1
github.com/daniyelford/NeuroCallAi/core/AudioProcessor.go:291.14,293.3 1 1
github.com/daniyelford/NeuroCallAi/core/AudioProcessor.go:295.2,297.14 2 1
github.com/daniyelford/NeuroCallAi/core/AudioProcessor.go:297.14,300.3 2 1
github.com/daniyelford/NeuroCallAi/core/AudioProcessor.go:302.2,308.22 5 1
github.com/daniyelford/NeuroCallAi/core/AudioProcessor.go:308.22,310.3 1 1
github.com/daniyelford/NeuroCallAi/core/AudioProcessor.go:312.2,312.19 1 1
github.com/daniyelford/NeuroCallAi/core/AudioProcessor.go:312.19,314.3 1 1
github.com/daniyelford/NeuroCallAi/core/AudioProcessor.go:316.2,317.16 2 1
github.com/daniyelford/NeuroCallAi/core/AudioProcessor.go:317.16,320.3 2 1
github.com/daniyelford/NeuroCallAi/core/AudioProcessor.go:322.2,322.35 1 1
github.com/daniyelford/NeuroCallAi/core/AudioProcessor.go:322.35,323.29 1 1
github.com/daniyelford/NeuroCallAi/core/AudioProcessor.go:323.29,324.12 1 0
github.com/daniyelford/NeuroCallAi/core/AudioProcessor.go:327.3,327.46 1 1
github.com/daniyelford/NeuroCallAi/core/AudioProcessor.go:327.46,329.4 1 0
github.com/daniyelford/NeuroCallAi/core/AudioProcessor.go:331.3,331.28 1 1
github.com/daniyelford/NeuroCallAi/core/AudioProcessor.go:334.2,334.12 1 1
github.com/daniyelford/NeuroCallAi/core/AudioProcessor.go:336.49,337.14 1 1
github.com/daniyelford/NeuroCallAi/core/AudioProcessor.go:337.14,339.3 1 1
github.com/daniyelford/NeuroCallAi/core/AudioProcessor.go:341.2,343.14 2 1
github.com/daniyelford/NeuroCallAi/core/AudioProcessor.go:343.14,346.3 2 1
github.com/daniyelford/NeuroCallAi/core/AudioProcessor.go:348.2,352.22 3 1
github.com/daniyelford/NeuroCallAi/core/AudioProcessor.go:352.22,354.3 1 1
github.com/daniyelford/NeuroCallAi/core/AudioProcessor.go:356.2,358.12 2 1
github.com/daniyelford/NeuroCallAi/core/AudioProcessor.go:362.3,363.30 1 1
github.com/daniyelford/NeuroCallAi/core/AudioProcessor.go:363.30,365.3 1 1
github.com/daniyelford/NeuroCallAi/core/AudioProcessor.go:366.2,369.4 1 1
github.com/daniyelford/NeuroCallAi/core/AudioProcessor.go:373.3,374.30 1 1
github.com/daniyelford/NeuroCallAi/core/AudioProcessor.go:374.30,376.3 1 1
github.com/daniyelford/NeuroCallAi/core/AudioProcessor.go:377.2,380.4 1 1
github.com/daniyelford/NeuroCallAi/core/AudioProcessor.go:384.3,385.30 1 1
github.com/daniyelford/NeuroCallAi/core/AudioProcessor.go:385.30,387.3 1 1
github.com/daniyelford/NeuroCallAi/core/AudioProcessor.go:389.2,392.4 1 1
github.com/daniyelford/NeuroCallAi/core/AudioReceiveConfig.go:3.53,9.2 1 1
github.com/daniyelford/NeuroCallAi/core/AudioSegmenter.go:14.19,16.24 2 1
github.com/daniyelford/NeuroCallAi/core/AudioSegmenter.go:16.24,23.3 1 1
github.com/daniyelford/NeuroCallAi/core/AudioSegmenter.go:25.2,41.3 1 1
github.com/daniyelford/NeuroCallAi/core/AudioSegmenter.go:46.37,51.18 3 1
github.com/daniyelford/NeuroCallAi/core/AudioSegmenter.go:51.18,55.3 1 0
github.com/daniyelford/NeuroCallAi/core/AudioSegmenter.go:57.2,60.16 2 1
github.com/daniyelford/NeuroCallAi/core/AudioSegmenter.go:60.16,62.3 1 0
github.com/daniyelford/NeuroCallAi/core/AudioSegmenter.go:64.2,64.12 1 1
github.com/daniyelford/NeuroCallAi/core/AudioSegmenter.go:64.12,66.3 1 1
github.com/daniyelford/NeuroCallAi/core/AudioSegmenter.go:68.2,68.37 1 1
github.com/daniyelford/NeuroCallAi/core/AudioSegmenter.go:72.28,73.15 1 1
github.com/daniyelford/NeuroCallAi/core/AudioSegmenter.go:73.15,79.3 3 1
github.com/daniyelford/NeuroCallAi/core/AudioSegmenter.go:80.2,86.52 4 1
github.com/daniyelford/NeuroCallAi/core/AudioSegmenter.go:86.52,88.3 1 0
github.com/daniyelford/NeuroCallAi/core/AudioSegmenter.go:89.2,90.12 2 1
github.com/daniyelford/NeuroCallAi/core/AudioSegmenter.go:94.28,95.15 1 1
github.com/daniyelford/NeuroCallAi/core/AudioSegmenter.go:95.15,97.3 1 1
github.com/daniyelford/NeuroCallAi/core/AudioSegmenter.go:98.2,101.27 3 1
github.com/daniyelford/NeuroCallAi/core/AudioSegmenter.go:101.27,103.3 1 1
github.com/daniyelford/NeuroCallAi/core/AudioSegmenter.go:104.2,104.12 1 1
github.com/daniyelford/NeuroCallAi/core/AudioSegmenter.go:108.28,110.24 1 1
github.com/daniyelford/NeuroCallAi/core/AudioSegmenter.go:110.24,113.3 2 0
github.com/daniyelford/NeuroCallAi/core/AudioSegmenter.go:115.2,133.3 5 1
github.com/daniyelford/NeuroCallAi/core/AudioSegmenter.go:135.40,144.2 5 1
github.com/daniyelford/NeuroCallAi/core/AudioSegmenter.go:147.37,149.9 1 0
github.com/daniyelford/NeuroCallAi/core/AudioSegmenter.go:150.20,151.24 1 0
github.com/daniyelford/NeuroCallAi/core/AudioSegmenter.go:153.10,153.10 0 0
github.com/daniyelford/NeuroCallAi/core/AudioSegmenter.go:156.2,159.33 3 0
github.com/daniyelford/NeuroCallAi/core/AudioSegmenter.go:161.34,166.2 4 0
github.com/daniyelford/NeuroCallAi/core/CallManager.go:12.16,28.2 1 1
github.com/daniyelford/NeuroCallAi/core/CallManager.go:29.50,30.28 1 1
github.com/daniyelford/NeuroCallAi/core/CallManager.go:30.28,32.3 1 0
github.com/daniyelford/NeuroCallAi/core/CallManager.go:33.2,35.15 3 1
github.com/daniyelford/NeuroCallAi/core/CallManager.go:37.73,39.16 2 1
github.com/daniyelford/NeuroCallAi/core/CallManager.go:39.16,41.3 1 0
github.com/daniyelford/NeuroCallAi/core/CallManager.go:42.2,42.40 1 1
github.com/daniyelford/NeuroCallAi/core/CallManager.go:42.40,45.3 2 0
github.com/daniyelford/NeuroCallAi/core/CallManager.go:46.2,46.21 1 1
github.com/daniyelford/NeuroCallAi/core/CallManager.go:48.48,50.17 1 1
github.com/daniyelford/NeuroCallAi/core/CallManager.go:50.17,52.3 1 0
github.com/daniyelford/NeuroCallAi/core/CallManager.go:54.2,54.23 1 1
github.com/daniyelford/NeuroCallAi/core/CallManager.go:54.23,56.3 1 0
github.com/daniyelford/NeuroCallAi/core/CallManager.go:58.2,61.47 3 1
github.com/daniyelford/NeuroCallAi/core/CallManager.go:61.47,66.3 1 0
github.com/daniyelford/NeuroCallAi/core/CallManager.go:68.2,70.12 2 1
github.com/daniyelford/NeuroCallAi/core/CallManager.go:72.56,76.9 4 1
github.com/daniyelford/NeuroCallAi/core/CallManager.go:76.9,78.3 1 1
github.com/daniyelford/NeuroCallAi/core/CallManager.go:79.2,79.18 1 1
github.com/daniyelford/NeuroCallAi/core/CallManager.go:81.47,82.14 1 1
github.com/daniyelford/NeuroCallAi/core/CallManager.go:82.14,84.3 1 0
github.com/daniyelford/NeuroCallAi/core/CallManager.go:86.2,89.13 3 1
github.com/daniyelford/NeuroCallAi/core/CallManager.go:89.13,92.3 2 1
github.com/daniyelford/NeuroCallAi/core/CallManager.go:94.2,102.17 6 1
github.com/daniyelford/NeuroCallAi/core/CallManager.go:102.17,107.3 4 1
github.com/daniyelford/NeuroCallAi/core/CallManager.go:108.2,108.20 1 1
github.com/daniyelford/NeuroCallAi/core/CallManager.go:108.20,110.3 1 1
github.com/daniyelford/NeuroCallAi/core/CallManager.go:111.2,111.17 1 1
github.com/daniyelford/NeuroCallAi/core/CallManager.go:111.17,113.3 1 1
github.com/daniyelford/NeuroCallAi/core/CallManager.go:114.2,114.19 1 1
github.com/daniyelford/NeuroCallAi/core/CallManager.go:114.19,116.3 1 1
github.com/daniyelford/NeuroCallAi/core/CallManager.go:117.2,117.12 1 1
github.com/daniyelford/NeuroCallAi/core/CallManager.go:119.41,130.31 4 1
github.com/daniyelford/NeuroCallAi/core/CallManager.go:130.31,135.3 1 1
github.com/daniyelford/NeuroCallAi/core/CallManager.go:137.2,137.15 1 1
github.com/daniyelford/NeuroCallAi/core/CallManager.go:139.74,140.38 1 1
github.com/daniyelford/NeuroCallAi/core/CallManager.go:140.38,142.3 1 0
github.com/daniyelford/NeuroCallAi/core/CallManager.go:143.2,145.48 3 1
github.com/daniyelford/NeuroCallAi/core/CallManager.go:145.48,147.3 1 0
github.com/daniyelford/NeuroCallAi/core/CallManager.go:148.2,148.50 1 1
github.com/daniyelford/NeuroCallAi/core/CallManager.go:148.50,150.3 1 0
github.com/daniyelford/NeuroCallAi/core/CallManager.go:151.2,152.16 2 1
github.com/daniyelford/NeuroCallAi/core/CallManager.go:152.16,155.3 2 0
github.com/daniyelford/NeuroCallAi/core/CallManager.go:156.2,160.16 2 1
github.com/daniyelford/NeuroCallAi/core/CallManager.go:160.16,162.3 1 0
github.com/daniyelford/NeuroCallAi/core/CallManager.go:163.2,164.21 2 1
github.com/daniyelford/NeuroCallAi/core/CallManager.go:166.67,173.9 4 1
github.com/daniyelford/NeuroCallAi/core/CallManager.go:173.9,175.3 1 1
github.com/daniyelford/NeuroCallAi/core/CallManager.go:177.2,177.21 1 1
github.com/daniyelford/NeuroCallAi/core/CallManager.go:179.54,182.9 3 1
github.com/daniyelford/NeuroCallAi/core/CallManager.go:182.9,185.3 2 0
github.com/daniyelford/NeuroCallAi/core/CallManager.go:186.2,188.24 3 1
github.com/daniyelford/NeuroCallAi/core/CallMemory.go:3.34,7.2 1 1
github.com/daniyelford/NeuroCallAi/core/CallMemory.go:11.3,12.27 1 1
github.com/daniyelford/NeuroCallAi/core/CallMemory.go:12.27,14.3 1 0
github.com/daniyelford/NeuroCallAi/core/CallMemory.go:16.2,19.23 3 1
github.com/daniyelford/NeuroCallAi/core/CallMemory.go:23.15,24.27 1 1
github.com/daniyelford/NeuroCallAi/core/CallMemory.go:24.27,26.3 1 0
github.com/daniyelford/NeuroCallAi/core/CallMemory.go:28.2,33.18 4 1
github.com/daniyelford/NeuroCallAi/core/CallMemory.go:37.3,38.27 1 1
github.com/daniyelford/NeuroCallAi/core/CallMemory.go:38.27,40.3 1 0
github.com/daniyelford/NeuroCallAi/core/CallMemory.go:42.2,45.23 3 1
github.com/daniyelford/NeuroCallAi/core/CallMemory.go:47.30,48.14 1 1
github.com/daniyelford/NeuroCallAi/core/CallMemory.go:48.14,50.3 1 0
github.com/daniyelford/NeuroCallAi/core/CallMemory.go:52.2,55.33 3 1
github.com/daniyelford/NeuroCallAi/core/CallSession.go:10.73,11.17 1 1
github.com/daniyelford/NeuroCallAi/core/CallSession.go:11.17,13.3 1 1
github.com/daniyelford/NeuroCallAi/core/CallSession.go:15.2,15.23 1 1
github.com/daniyelford/NeuroCallAi/core/CallSession.go:15.23,17.3 1 1
github.com/daniyelford/NeuroCallAi/core/CallSession.go:18.2,21.16 2 1
github.com/daniyelford/NeuroCallAi/core/CallSession.go:21.16,23.3 1 0
github.com/daniyelford/NeuroCallAi/core/CallSession.go:24.2,38.21 3 1
github.com/daniyelford/NeuroCallAi/core/CallSession.go:40.67,41.14 1 1
github.com/daniyelford/NeuroCallAi/core/CallSession.go:41.14,43.3 1 0
github.com/daniyelford/NeuroCallAi/core/CallSession.go:45.2,45.16 1 1
github.com/daniyelford/NeuroCallAi/core/CallSession.go:45.16,47.3 1 0
github.com/daniyelford/NeuroCallAi/core/CallSession.go:49.2,51.14 2 1
github.com/daniyelford/NeuroCallAi/core/CallSession.go:51.14,54.3 2 0
github.com/daniyelford/NeuroCallAi/core/CallSession.go:56.2,70.25 8 1
github.com/daniyelford/NeuroCallAi/core/CallSession.go:70.25,72.3 1 0
github.com/daniyelford/NeuroCallAi/core/CallSession.go:74.2,77.16 1 1
github.com/daniyelford/NeuroCallAi/core/CallSession.go:77.16,79.3 1 0
github.com/daniyelford/NeuroCallAi/core/CallSession.go:81.2,81.28 1 1
github.com/daniyelford/NeuroCallAi/core/CallSession.go:83.60,84.14 1 1
github.com/daniyelford/NeuroCallAi/core/CallSession.go:84.14,86.3 1 1
github.com/daniyelford/NeuroCallAi/core/CallSession.go:88.2,88.16 1 1
github.com/daniyelford/NeuroCallAi/core/CallSession.go:88.16,90.3 1 1
github.com/daniyelford/NeuroCallAi/core/CallSession.go:92.2,94.14 2 1
github.com/daniyelford/NeuroCallAi/core/CallSession.go:94.14,97.3 2 1
github.com/daniyelford/NeuroCallAi/core/CallSession.go:99.2,112.17 6 1
github.com/daniyelford/NeuroCallAi/core/CallSession.go:112.17,114.3 1 1
github.com/daniyelford/NeuroCallAi/core/CallSession.go:116.2,116.12 1 1
github.com/daniyelford/NeuroCallAi/core/CallSession.go:118.61,119.14 1 1
github.com/daniyelford/NeuroCallAi/core/CallSession.go:119.14,121.3 1 0
github.com/daniyelford/NeuroCallAi/core/CallSession.go:123.2,123.19 1 1
github.com/daniyelford/NeuroCallAi/core/CallSession.go:123.19,125.3 1 1
github.com/daniyelford/NeuroCallAi/core/CallSession.go:127.2,130.14 3 1
github.com/daniyelford/NeuroCallAi/core/CallSession.go:130.14,132.3 1 1
github.com/daniyelford/NeuroCallAi/core/CallSession.go:134.2,136.12 2 1
github.com/daniyelford/NeuroCallAi/core/CallSession.go:138.47,139.14 1 1
github.com/daniyelford/NeuroCallAi/core/CallSession.go:139.14,141.3 1 1
github.com/daniyelford/NeuroCallAi/core/CallSession.go:142.2,143.14 2 1
github.com/daniyelford/NeuroCallAi/core/CallSession.go:143.14,146.3 2 1
github.com/daniyelford/NeuroCallAi/core/CallSession.go:147.2,147.25 1 1
github.com/daniyelford/NeuroCallAi/core/CallSession.go:147.25,150.3 2 1
github.com/daniyelford/NeuroCallAi/core/CallSession.go:151.2,153.16 3 1
github.com/daniyelford/NeuroCallAi/core/CallSession.go:153.16,156.3 2 1
github.com/daniyelford/NeuroCallAi/core/CallSession.go:157.2,157.19 1 1
github.com/daniyelford/NeuroCallAi/core/CallSession.go:157.19,162.3 2 1
github.com/daniyelford/NeuroCallAi/core/CallSession.go:163.2,168.21 4 1
github.com/daniyelford/NeuroCallAi/core/CallSession.go:168.21,170.11 2 1
github.com/daniyelford/NeuroCallAi/core/CallSession.go:170.11,172.5 1 1
github.com/daniyelford/NeuroCallAi/core/CallSession.go:173.4,173.29 1 1
github.com/daniyelford/NeuroCallAi/core/CallSession.go:173.29,175.5 1 1
github.com/daniyelford/NeuroCallAi/core/CallSession.go:176.4,176.18 1 1
github.com/daniyelford/NeuroCallAi/core/CallSession.go:176.18,178.5 1 0
github.com/daniyelford/NeuroCallAi/core/CallSession.go:179.4,179.14 1 1
github.com/daniyelford/NeuroCallAi/core/CallSession.go:179.14,180.19 1 1
github.com/daniyelford/NeuroCallAi/core/CallSession.go:180.19,182.6 1 0
github.com/daniyelford/NeuroCallAi/core/CallSession.go:183.5,185.19 1 1
github.com/daniyelford/NeuroCallAi/core/CallSession.go:185.19,186.20 1 1
github.com/daniyelford/NeuroCallAi/core/CallSession.go:186.20,188.7 1 0
github.com/daniyelford/NeuroCallAi/core/CallSession.go:189.6,192.8 1 1
github.com/daniyelford/NeuroCallAi/core/CallSession.go:198.2,198.12 1 1
github.com/daniyelford/NeuroCallAi/core/CallSession.go:200.81,202.14 1 1
github.com/daniyelford/NeuroCallAi/core/CallSession.go:202.14,204.3 1 0
github.com/daniyelford/NeuroCallAi/core/CallSession.go:206.2,206.28 1 1
github.com/daniyelford/NeuroCallAi/core/CallSession.go:206.28,208.3 1 1
github.com/daniyelford/NeuroCallAi/core/CallSession.go:210.2,212.28 2 1
github.com/daniyelford/NeuroCallAi/core/CallSession.go:212.28,215.3 2 1
github.com/daniyelford/NeuroCallAi/core/CallSession.go:217.2,221.19 3 1
github.com/daniyelford/NeuroCallAi/core/CallSession.go:221.19,225.3 1 1
github.com/daniyelford/NeuroCallAi/core/CallSession.go:227.2,227.29 1 1
github.com/daniyelford/NeuroCallAi/core/CallSession.go:229.109,230.14 1 1
github.com/daniyelford/NeuroCallAi/core/CallSession.go:230.14,232.3 1 0
github.com/daniyelford/NeuroCallAi/core/CallSession.go:233.2,233.19 1 1
github.com/daniyelford/NeuroCallAi/core/CallSession.go:233.19,235.3 1 1
github.com/daniyelford/NeuroCallAi/core/CallSession.go:236.2,236.16 1 1
github.com/daniyelford/NeuroCallAi/core/CallSession.go:236.16,238.3 1 0
github.com/daniyelford/NeuroCallAi/core/CallSession.go:239.2,239.9 1 1
github.com/daniyelford/NeuroCallAi/core/CallSession.go:240.20,241.19 1 1
github.com/daniyelford/NeuroCallAi/core/CallSession.go:242.10,242.10 0 1
github.com/daniyelford/NeuroCallAi/core/CallSession.go:244.2,245.28 2 1
github.com/daniyelford/NeuroCallAi/core/CallSession.go:245.28,248.3 2 0
github.com/daniyelford/NeuroCallAi/core/CallSession.go:249.2,252.17 4 1
github.com/daniyelford/NeuroCallAi/core/CallSession.go:252.17,254.3 1 0
github.com/daniyelford/NeuroCallAi/core/CallSession.go:255.2,255.19 1 1
github.com/daniyelford/NeuroCallAi/core/CallSession.go:255.19,257.3 1 1
github.com/daniyelford/NeuroCallAi/core/CallSession.go:258.2,261.22 4 1
github.com/daniyelford/NeuroCallAi/core/CallSession.go:261.22,263.3 1 0
github.com/daniyelford/NeuroCallAi/core/CallSession.go:264.2,265.16 2 1
github.com/daniyelford/NeuroCallAi/core/CallSession.go:265.16,267.3 1 0
github.com/daniyelford/NeuroCallAi/core/CallSession.go:268.2,268.35 1 1
github.com/daniyelford/NeuroCallAi/core/CallSession.go:268.35,269.29 1 1
github.com/daniyelford/NeuroCallAi/core/CallSession.go:269.29,270.12 1 0
github.com/daniyelford/NeuroCallAi/core/CallSession.go:272.3,272.46 1 1
github.com/daniyelford/NeuroCallAi/core/CallSession.go:272.46,274.4 1 0
github.com/daniyelford/NeuroCallAi/core/CallSession.go:276.2,276.12 1 1
github.com/daniyelford/NeuroCallAi/core/CallSession.go:278.49,283.2 3 1
github.com/daniyelford/NeuroCallAi/core/CallSession.go:284.67,289.2 3 0
github.com/daniyelford/NeuroCallAi/core/CallSession.go:290.49,295.2 3 1
github.com/daniyelford/NeuroCallAi/core/CallSession.go:296.49,301.2 3 0
github.com/daniyelford/NeuroCallAi/core/CallSession.go:302.58,306.2 3 1
github.com/daniyelford/NeuroCallAi/core/CallSession.go:307.62,311.2 3 1
github.com/daniyelford/NeuroCallAi/core/CallSession.go:312.49,318.2 3 1
github.com/daniyelford/NeuroCallAi/core/CallSession.go:319.37,320.14 1 1
github.com/daniyelford/NeuroCallAi/core/CallSession.go:320.14,322.3 1 1
github.com/daniyelford/NeuroCallAi/core/CallSession.go:324.2,326.14 2 1
github.com/daniyelford/NeuroCallAi/core/CallSession.go:326.14,329.3 2 1
github.com/daniyelford/NeuroCallAi/core/CallSession.go:331.2,331.15 1 1
github.com/daniyelford/NeuroCallAi/core/CallSession.go:331.15,334.3 2 1
github.com/daniyelford/NeuroCallAi/core/CallSession.go:336.2,343.18 5 1
github.com/daniyelford/NeuroCallAi/core/CallSession.go:343.18,345.3 1 1
github.com/daniyelford/NeuroCallAi/core/CallSession.go:347.2,347.19 1 1
github.com/daniyelford/NeuroCallAi/core/CallSession.go:347.19,348.40 1 1
github.com/daniyelford/NeuroCallAi/core/CallSession.go:348.40,349.20 1 0
github.com/daniyelford/NeuroCallAi/core/CallSession.go:349.20,351.5 1 0
github.com/daniyelford/NeuroCallAi/core/CallSession.go:353.4,357.14 4 0
github.com/daniyelford/NeuroCallAi/core/CallSession.go:361.2,361.21 1 1
github.com/daniyelford/NeuroCallAi/core/CallSession.go:361.21,366.3 1 1
github.com/daniyelford/NeuroCallAi/core/CallSession.go:368.2,368.12 1 1
github.com/daniyelford/NeuroCallAi/core/CallSession.go:370.48,371.14 1 1
github.com/daniyelford/NeuroCallAi/core/CallSession.go:371.14,375.3 1 1
github.com/daniyelford/NeuroCallAi/core/CallSession.go:377.2,390.3 3 1
github.com/daniyelford/NeuroCallAi/core/CallSession.go:392.54,394.14 1 1
github.com/daniyelford/NeuroCallAi/core/CallSession.go:394.14,396.3 1 0
github.com/daniyelford/NeuroCallAi/core/CallSession.go:398.2,398.21 1 1
github.com/daniyelford/NeuroCallAi/core/CallSession.go:398.21,400.3 1 0
github.com/daniyelford/NeuroCallAi/core/CallSession.go:402.2,404.28 2 1
github.com/daniyelford/NeuroCallAi/core/CallSession.go:404.28,407.3 2 1
github.com/daniyelford/NeuroCallAi/core/CallSession.go:409.2,413.21 3 1
github.com/daniyelford/NeuroCallAi/core/CallSession.go:413.21,415.3 1 1
github.com/daniyelford/NeuroCallAi/core/CallSession.go:417.2,417.29 1 1
github.com/daniyelford/NeuroCallAi/core/CallSession.go:419.76,421.14 1 1
github.com/daniyelford/NeuroCallAi/core/CallSession.go:421.14,423.3 1 0
github.com/daniyelford/NeuroCallAi/core/CallSession.go:425.2,425.28 1 1
github.com/daniyelford/NeuroCallAi/core/CallSession.go:425.28,427.3 1 0
github.com/daniyelford/NeuroCallAi/core/CallSession.go:429.2,431.28 2 1
github.com/daniyelford/NeuroCallAi/core/CallSession.go:431.28,434.3 2 1
github.com/daniyelford/NeuroCallAi/core/CallSession.go:436.2,440.19 3 1
github.com/daniyelford/NeuroCallAi/core/CallSession.go:440.19,442.3 1 1
github.com/daniyelford/NeuroCallAi/core/CallSession.go:444.2,444.29 1 1
github.com/daniyelford/NeuroCallAi/core/CallSession.go:446.38,447.14 1 1
github.com/daniyelford/NeuroCallAi/core/CallSession.go:447.14,449.3 1 0
github.com/daniyelford/NeuroCallAi/core/CallSession.go:450.2,452.31 3 1
github.com/daniyelford/NeuroCallAi/core/CallSession.go:454.37,455.14 1 1
github.com/daniyelford/NeuroCallAi/core/CallSession.go:455.14,457.3 1 0
github.com/daniyelford/NeuroCallAi/core/CallSession.go:458.2,460.17 3 1
github.com/daniyelford/NeuroCallAi/core/CallSession.go:462.61,468.14 3 1
github.com/daniyelford/NeuroCallAi/core/CallSession.go:468.14,470.3 1 1
github.com/daniyelford/NeuroCallAi/core/CallSession.go:471.2,472.12 2 1
github.com/daniyelford/NeuroCallAi/core/CallSession.go:474.49,478.2 3 1
github.com/daniyelford/NeuroCallAi/core/CallSession.go:479.37,480.14 1 1
github.com/daniyelford/NeuroCallAi/core/CallSession.go:480.14,482.3 1 1
github.com/daniyelford/NeuroCallAi/core/CallSession.go:484.2,486.14 2 1
github.com/daniyelford/NeuroCallAi/core/CallSession.go:486.14,489.3 2 1
github.com/daniyelford/NeuroCallAi/core/CallSession.go:491.2,502.31 10 1
github.com/daniyelford/NeuroCallAi/core/CallSession.go:502.31,504.3 1 1
github.com/daniyelford/NeuroCallAi/core/CallSession.go:506.2,506.19 1 1
github.com/daniyelford/NeuroCallAi/core/CallSession.go:506.19,508.3 1 1
github.com/daniyelford/NeuroCallAi/core/CallSession.go:510.2,510.18 1 1
github.com/daniyelford/NeuroCallAi/core/CallSession.go:510.18,512.3 1 1
github.com/daniyelford/NeuroCallAi/core/CallSession.go:514.2,514.19 1 1
github.com/daniyelford/NeuroCallAi/core/CallSession.go:514.19,516.3 1 1
github.com/daniyelford/NeuroCallAi/core/CallSession.go:518.2,518.19 1 1
github.com/daniyelford/NeuroCallAi/core/CallSession.go:518.19,523.3 1 1
github.com/daniyelford/NeuroCallAi/core/CallSession.go:525.2,525.12 1 1
github.com/daniyelford/NeuroCallAi/core/CodecRegistry.go:5.40,7.2 1 1
github.com/daniyelford/NeuroCallAi/core/CodecRegistry.go:8.86,9.36 1 1
github.com/daniyelford/NeuroCallAi/core/CodecRegistry.go:9.36,10.38 1 1
github.com/daniyelford/NeuroCallAi/core/CodecRegistry.go:10.38,11.38 1 1
github.com/daniyelford/NeuroCallAi/core/CodecRegistry.go:11.38,13.5 1 1
github.com/daniyelford/NeuroCallAi/core/CodecRegistry.go:16.2,16.54 1 1
github.com/daniyelford/NeuroCallAi/core/Container.go:3.32,7.2 1 1
github.com/daniyelford/NeuroCallAi/core/Container.go:11.3,16.2 3 1
github.com/daniyelford/NeuroCallAi/core/Container.go:19.15,26.2 4 1
github.com/daniyelford/NeuroCallAi/core/Conversation.go:5.38,10.2 1 1
github.com/daniyelford/NeuroCallAi/core/Conversation.go:13.3,14.14 1 1
github.com/daniyelford/NeuroCallAi/core/Conversation.go:14.14,16.3 1 0
github.com/daniyelford/NeuroCallAi/core/Conversation.go:18.2,24.3 3 1
github.com/daniyelford/NeuroCallAi/core/Conversation.go:26.55,27.14 1 1
github.com/daniyelford/NeuroCallAi/core/Conversation.go:27.14,29.3 1 0
github.com/daniyelford/NeuroCallAi/core/Conversation.go:31.2,37.3 3 1
github.com/daniyelford/NeuroCallAi/core/Conversation.go:39.32,40.14 1 0
github.com/daniyelford/NeuroCallAi/core/Conversation.go:40.14,42.3 1 0
github.com/daniyelford/NeuroCallAi/core/Conversation.go:44.2,47.29 3 0
github.com/daniyelford/NeuroCallAi/core/Conversation.go:49.45,50.14 1 0
github.com/daniyelford/NeuroCallAi/core/Conversation.go:50.14,52.3 1 0
github.com/daniyelford/NeuroCallAi/core/Conversation.go:54.2,57.17 3 0
github.com/daniyelford/NeuroCallAi/core/Conversation.go:61.3,62.31 1 0
github.com/daniyelford/NeuroCallAi/core/Conversation.go:62.31,64.3 1 0
github.com/daniyelford/NeuroCallAi/core/Conversation.go:66.2,69.19 3 0
github.com/daniyelford/NeuroCallAi/core/ConversationEngine.go:13.23,19.2 1 1
github.com/daniyelford/NeuroCallAi/core/ConversationEngine.go:23.9,24.14 1 1
github.com/daniyelford/NeuroCallAi/core/ConversationEngine.go:24.14,26.3 1 0
github.com/daniyelford/NeuroCallAi/core/ConversationEngine.go:28.2,28.18 1 1
github.com/daniyelford/NeuroCallAi/core/ConversationEngine.go:28.18,30.3 1 0
github.com/daniyelford/NeuroCallAi/core/ConversationEngine.go:32.2,32.25 1 1
github.com/daniyelford/NeuroCallAi/core/ConversationEngine.go:32.25,34.3 1 0
github.com/daniyelford/NeuroCallAi/core/ConversationEngine.go:36.2,39.28 3 1
github.com/daniyelford/NeuroCallAi/core/ConversationEngine.go:39.28,41.3 1 0
github.com/daniyelford/NeuroCallAi/core/ConversationEngine.go:43.2,45.12 2 1
github.com/daniyelford/NeuroCallAi/core/ConversationEngine.go:49.26,50.14 1 1
github.com/daniyelford/NeuroCallAi/core/ConversationEngine.go:50.14,52.3 1 0
github.com/daniyelford/NeuroCallAi/core/ConversationEngine.go:53.2,53.18 1 1
github.com/daniyelford/NeuroCallAi/core/ConversationEngine.go:53.18,55.3 1 1
github.com/daniyelford/NeuroCallAi/core/ConversationEngine.go:56.2,58.28 3 1
github.com/daniyelford/NeuroCallAi/core/ConversationEngine.go:58.28,60.3 1 0
github.com/daniyelford/NeuroCallAi/core/ConversationEngine.go:61.2,61.61 1 1
github.com/daniyelford/NeuroCallAi/core/ConversationEngine.go:61.61,63.3 1 1
github.com/daniyelford/NeuroCallAi/core/ConversationEngine.go:64.2,66.26 3 1
github.com/daniyelford/NeuroCallAi/core/ConversationEngine.go:68.58,69.14 1 1
github.com/daniyelford/NeuroCallAi/core/ConversationEngine.go:69.14,71.3 1 0
github.com/daniyelford/NeuroCallAi/core/ConversationEngine.go:73.2,73.18 1 1
github.com/daniyelford/NeuroCallAi/core/ConversationEngine.go:73.18,75.3 1 0
github.com/daniyelford/NeuroCallAi/core/ConversationEngine.go:77.2,80.51 3 1
github.com/daniyelford/NeuroCallAi/core/ConversationEngine.go:80.51,85.3 1 0
github.com/daniyelford/NeuroCallAi/core/ConversationEngine.go:87.2,89.12 2 1
github.com/daniyelford/NeuroCallAi/core/ConversationEngine.go:93.9,94.14 1 1
github.com/daniyelford/NeuroCallAi/core/ConversationEngine.go:94.14,96.3 1 0
github.com/daniyelford/NeuroCallAi/core/ConversationEngine.go:97.2,97.24 1 1
github.com/daniyelford/NeuroCallAi/core/ConversationEngine.go:97.24,99.3 1 1
github.com/daniyelford/NeuroCallAi/core/ConversationEngine.go:100.2,101.16 2 1
github.com/daniyelford/NeuroCallAi/core/ConversationEngine.go:101.16,103.3 1 1
github.com/daniyelford/NeuroCallAi/core/ConversationEngine.go:104.2,105.16 2 1
github.com/daniyelford/NeuroCallAi/core/ConversationEngine.go:105.16,107.3 1 0
github.com/daniyelford/NeuroCallAi/core/ConversationEngine.go:108.2,117.3 4 1
github.com/daniyelford/NeuroCallAi/core/ConversationEngine.go:122.9,131.16 5 1
github.com/daniyelford/NeuroCallAi/core/ConversationEngine.go:131.16,133.3 1 1
github.com/daniyelford/NeuroCallAi/core/ConversationEngine.go:135.2,138.16 3 1
github.com/daniyelford/NeuroCallAi/core/ConversationEngine.go:138.16,139.17 1 1
github.com/daniyelford/NeuroCallAi/core/ConversationEngine.go:139.17,144.4 1 1
github.com/daniyelford/NeuroCallAi/core/ConversationEngine.go:146.3,146.13 1 1
github.com/daniyelford/NeuroCallAi/core/ConversationEngine.go:149.2,151.16 2 1
github.com/daniyelford/NeuroCallAi/core/ConversationEngine.go:151.16,159.3 1 1
github.com/daniyelford/NeuroCallAi/core/ConversationEngine.go:161.2,161.12 1 1
github.com/daniyelford/NeuroCallAi/core/EnergyVAD.go:9.47,10.20 1 1
github.com/daniyelford/NeuroCallAi/core/EnergyVAD.go:10.20,12.3 1 0
github.com/daniyelford/NeuroCallAi/core/EnergyVAD.go:14.2,16.3 1 1
github.com/daniyelford/NeuroCallAi/core/EnergyVAD.go:21.17,23.9 1 1
github.com/daniyelford/NeuroCallAi/core/EnergyVAD.go:24.20,25.26 1 0
github.com/daniyelford/NeuroCallAi/core/EnergyVAD.go:27.10,27.10 0 1
github.com/daniyelford/NeuroCallAi/core/EnergyVAD.go:30.2,30.26 1 1
github.com/daniyelford/NeuroCallAi/core/EnergyVAD.go:30.26,32.3 1 0
github.com/daniyelford/NeuroCallAi/core/EnergyVAD.go:34.2,36.36 2 1
github.com/daniyelford/NeuroCallAi/core/EnergyVAD.go:36.36,39.16 2 1
github.com/daniyelford/NeuroCallAi/core/EnergyVAD.go:39.16,41.4 1 1
github.com/daniyelford/NeuroCallAi/core/EnergyVAD.go:43.3,43.18 1 1
github.com/daniyelford/NeuroCallAi/core/EnergyVAD.go:46.2,48.35 2 1
github.com/daniyelford/NeuroCallAi/core/EventBus.go:3.30,5.2 1 1
github.com/daniyelford/NeuroCallAi/core/EventBus.go:6.65,7.20 1 1
github.com/daniyelford/NeuroCallAi/core/EventBus.go:7.20,9.3 1 0
github.com/daniyelford/NeuroCallAi/core/EventBus.go:10.2,12.54 3 1
github.com/daniyelford/NeuroCallAi/core/EventBus.go:14.41,18.35 4 1
github.com/daniyelford/NeuroCallAi/core/EventBus.go:18.35,20.3 1 1
github.com/daniyelford/NeuroCallAi/core/FakeSTT.go:9.28,11.2 1 1
github.com/daniyelford/NeuroCallAi/core/FakeSTT.go:15.33,16.9 1 1
github.com/daniyelford/NeuroCallAi/core/FakeSTT.go:17.20,18.43 1 1
github.com/daniyelford/NeuroCallAi/core/FakeSTT.go:19.10,19.10 0 1
github.com/daniyelford/NeuroCallAi/core/FakeSTT.go:22.2,22.28 1 1
github.com/daniyelford/NeuroCallAi/core/FakeSTT.go:22.28,24.3 1 0
github.com/daniyelford/NeuroCallAi/core/FakeSTT.go:26.2,30.8 1 1
github.com/daniyelford/NeuroCallAi/core/LLMEngine.go:11.14,15.2 1 1
github.com/daniyelford/NeuroCallAi/core/LLMEngine.go:18.3,22.2 3 0
github.com/daniyelford/NeuroCallAi/core/LLMEngine.go:25.30,29.16 4 1
github.com/daniyelford/NeuroCallAi/core/LLMEngine.go:29.16,34.3 1 1
github.com/daniyelford/NeuroCallAi/core/LLMEngine.go:35.2,35.27 1 1
github.com/daniyelford/NeuroCallAi/core/MapMemory.go:3.29,7.2 1 1
github.com/daniyelford/NeuroCallAi/core/MapMemory.go:10.15,18.2 4 1
github.com/daniyelford/NeuroCallAi/core/MapMemory.go:23.3,25.15 1 1
github.com/daniyelford/NeuroCallAi/core/MapMemory.go:25.15,27.3 1 1
github.com/daniyelford/NeuroCallAi/core/MapMemory.go:29.2,32.21 3 1
github.com/daniyelford/NeuroCallAi/core/MapMemory.go:37.3,43.2 3 1
github.com/daniyelford/NeuroCallAi/core/MapMemory.go:44.29,50.2 3 1
github.com/daniyelford/NeuroCallAi/core/PCMA.go:3.40,6.29 2 1
github.com/daniyelford/NeuroCallAi/core/PCMA.go:6.29,8.3 1 1
github.com/daniyelford/NeuroCallAi/core/PCMA.go:10.2,10.12 1 1
github.com/daniyelford/NeuroCallAi/core/PCMA.go:12.41,15.30 2 1
github.com/daniyelford/NeuroCallAi/core/PCMA.go:15.30,17.3 1 1
github.com/daniyelford/NeuroCallAi/core/PCMA.go:19.2,19.12 1 1
github.com/daniyelford/NeuroCallAi/core/PCMU.go:3.40,6.29 2 1
github.com/daniyelford/NeuroCallAi/core/PCMU.go:6.29,8.3 1 1
github.com/daniyelford/NeuroCallAi/core/PCMU.go:10.2,10.12 1 1
github.com/daniyelford/NeuroCallAi/core/PCMU.go:12.41,15.30 2 1
github.com/daniyelford/NeuroCallAi/core/PCMU.go:15.30,17.3 1 1
github.com/daniyelford/NeuroCallAi/core/PCMU.go:19.2,19.12 1 1
github.com/daniyelford/NeuroCallAi/core/PassthroughAudio.go:5.10,7.2 1 1
github.com/daniyelford/NeuroCallAi/core/PassthroughAudio.go:10.11,12.2 1 1
github.com/daniyelford/NeuroCallAi/core/PluginGraph.go:3.36,9.2 1 1
github.com/daniyelford/NeuroCallAi/core/PluginGraph.go:13.3,22.2 3 1
github.com/daniyelford/NeuroCallAi/core/PluginGraph.go:25.12,33.2 3 1
github.com/daniyelford/NeuroCallAi/core/PluginRegistry.go:5.42,9.2 1 1
github.com/daniyelford/NeuroCallAi/core/PluginRegistry.go:12.9,13.19 1 1
github.com/daniyelford/NeuroCallAi/core/PluginRegistry.go:13.19,17.3 1 1
github.com/daniyelford/NeuroCallAi/core/PluginRegistry.go:19.2,21.16 2 1
github.com/daniyelford/NeuroCallAi/core/PluginRegistry.go:21.16,25.3 1 1
github.com/daniyelford/NeuroCallAi/core/PluginRegistry.go:27.2,30.42 3 1
github.com/daniyelford/NeuroCallAi/core/PluginRegistry.go:30.42,35.3 1 1
github.com/daniyelford/NeuroCallAi/core/PluginRegistry.go:37.2,39.12 2 1
github.com/daniyelford/NeuroCallAi/core/PluginRegistry.go:43.18,50.2 4 1
github.com/daniyelford/NeuroCallAi/core/PluginRegistry.go:51.42,61.35 4 1
github.com/daniyelford/NeuroCallAi/core/PluginRegistry.go:61.35,63.3 1 1
github.com/daniyelford/NeuroCallAi/core/PluginRegistry.go:65.2,65.15 1 1
github.com/daniyelford/NeuroCallAi/core/PortAllocator.go:3.52,4.16 1 1
github.com/daniyelford/NeuroCallAi/core/PortAllocator.go:4.16,6.3 1 0
github.com/daniyelford/NeuroCallAi/core/PortAllocator.go:7.2,8.42 2 1
github.com/daniyelford/NeuroCallAi/core/PortAllocator.go:8.42,10.3 1 1
github.com/daniyelford/NeuroCallAi/core/PortAllocator.go:11.2,15.3 1 1
github.com/daniyelford/NeuroCallAi/core/PortAllocator.go:17.49,20.46 3 1
github.com/daniyelford/NeuroCallAi/core/PortAllocator.go:20.46,21.37 1 1
github.com/daniyelford/NeuroCallAi/core/PortAllocator.go:21.37,24.4 2 1
github.com/daniyelford/NeuroCallAi/core/PortAllocator.go:26.2,26.31 1 0
github.com/daniyelford/NeuroCallAi/core/PortAllocator.go:28.43,31.49 3 1
github.com/daniyelford/NeuroCallAi/core/PortAllocator.go:31.49,33.3 1 0
github.com/daniyelford/NeuroCallAi/core/PortAllocator.go:34.2,34.32 1 1
github.com/daniyelford/NeuroCallAi/core/RTPJitterBuffer.go:8.20,10.21 1 1
github.com/daniyelford/NeuroCallAi/core/RTPJitterBuffer.go:10.21,12.3 1 0
github.com/daniyelford/NeuroCallAi/core/RTPJitterBuffer.go:14.2,14.18 1 1
github.com/daniyelford/NeuroCallAi/core/RTPJitterBuffer.go:14.18,16.3 1 0
github.com/daniyelford/NeuroCallAi/core/RTPJitterBuffer.go:18.2,23.3 1 1
github.com/daniyelford/NeuroCallAi/core/RTPJitterBuffer.go:25.57,26.19 1 1
github.com/daniyelford/NeuroCallAi/core/RTPJitterBuffer.go:26.19,28.3 1 0
github.com/daniyelford/NeuroCallAi/core/RTPJitterBuffer.go:29.2,32.41 4 1
github.com/daniyelford/NeuroCallAi/core/RTPJitterBuffer.go:32.41,34.3 1 1
github.com/daniyelford/NeuroCallAi/core/RTPJitterBuffer.go:37.2,37.16 1 1
github.com/daniyelford/NeuroCallAi/core/RTPJitterBuffer.go:37.16,40.3 2 1
github.com/daniyelford/NeuroCallAi/core/RTPJitterBuffer.go:42.2,42.40 1 1
github.com/daniyelford/NeuroCallAi/core/RTPJitterBuffer.go:42.40,44.3 1 0
github.com/daniyelford/NeuroCallAi/core/RTPJitterBuffer.go:45.2,49.9 2 1
github.com/daniyelford/NeuroCallAi/core/RTPJitterBuffer.go:50.30,50.30 0 1
github.com/daniyelford/NeuroCallAi/core/RTPJitterBuffer.go:51.10,51.10 0 1
github.com/daniyelford/NeuroCallAi/core/RTPJitterBuffer.go:55.2,55.41 1 1
github.com/daniyelford/NeuroCallAi/core/RTPJitterBuffer.go:55.41,57.3 1 1
github.com/daniyelford/NeuroCallAi/core/RTPJitterBuffer.go:59.2,59.35 1 1
github.com/daniyelford/NeuroCallAi/core/RTPJitterBuffer.go:59.35,61.3 1 1
github.com/daniyelford/NeuroCallAi/core/RTPJitterBuffer.go:63.2,63.12 1 1
github.com/daniyelford/NeuroCallAi/core/RTPJitterBuffer.go:65.52,69.16 3 1
github.com/daniyelford/NeuroCallAi/core/RTPJitterBuffer.go:69.16,71.3 1 1
github.com/daniyelford/NeuroCallAi/core/RTPJitterBuffer.go:74.2,74.40 1 1
github.com/daniyelford/NeuroCallAi/core/RTPJitterBuffer.go:74.40,80.3 4 1
github.com/daniyelford/NeuroCallAi/core/RTPJitterBuffer.go:83.2,83.25 1 1
github.com/daniyelford/NeuroCallAi/core/RTPJitterBuffer.go:83.25,85.3 1 1
github.com/daniyelford/NeuroCallAi/core/RTPJitterBuffer.go:89.2,91.34 2 1
github.com/daniyelford/NeuroCallAi/core/RTPJitterBuffer.go:91.34,94.24 2 1
github.com/daniyelford/NeuroCallAi/core/RTPJitterBuffer.go:94.24,96.4 1 1
github.com/daniyelford/NeuroCallAi/core/RTPJitterBuffer.go:99.2,99.28 1 1
github.com/daniyelford/NeuroCallAi/core/RTPJitterBuffer.go:99.28,101.3 1 1
github.com/daniyelford/NeuroCallAi/core/RTPJitterBuffer.go:104.2,107.18 3 1
github.com/daniyelford/NeuroCallAi/core/RTPJitterBuffer.go:109.46,110.25 1 1
github.com/daniyelford/NeuroCallAi/core/RTPJitterBuffer.go:110.25,112.3 1 0
github.com/daniyelford/NeuroCallAi/core/RTPJitterBuffer.go:115.2,118.29 4 1
github.com/daniyelford/NeuroCallAi/core/RTPJitterBuffer.go:118.29,120.42 2 1
github.com/daniyelford/NeuroCallAi/core/RTPJitterBuffer.go:120.42,124.4 3 1
github.com/daniyelford/NeuroCallAi/core/RTPJitterBuffer.go:126.2,126.12 1 1
github.com/daniyelford/NeuroCallAi/core/RTPJitterBuffer.go:126.12,128.3 1 0
github.com/daniyelford/NeuroCallAi/core/RTPJitterBuffer.go:129.2,132.22 2 1
github.com/daniyelford/NeuroCallAi/core/RTPJitterBuffer.go:132.22,134.3 1 1
github.com/daniyelford/NeuroCallAi/core/RTPJitterBuffer.go:136.64,137.18 1 1
github.com/daniyelford/NeuroCallAi/core/RTPJitterBuffer.go:137.18,139.3 1 0
github.com/daniyelford/NeuroCallAi/core/RTPJitterBuffer.go:140.2,142.9 3 1
github.com/daniyelford/NeuroCallAi/core/RTPJitterBuffer.go:143.18,143.18 0 1
github.com/daniyelford/NeuroCallAi/core/RTPJitterBuffer.go:144.17,144.17 0 1
github.com/daniyelford/NeuroCallAi/core/RTPJitterBuffer.go:147.45,151.2 3 1
github.com/daniyelford/NeuroCallAi/core/RTPPacket.go:8.47,9.14 1 1
github.com/daniyelford/NeuroCallAi/core/RTPPacket.go:9.14,11.3 1 0
github.com/daniyelford/NeuroCallAi/core/RTPPacket.go:13.2,13.27 1 1
github.com/daniyelford/NeuroCallAi/core/RTPPacket.go:13.27,15.3 1 1
github.com/daniyelford/NeuroCallAi/core/RTPPacket.go:17.2,17.29 1 1
github.com/daniyelford/NeuroCallAi/core/RTPPacket.go:17.29,21.3 1 1
github.com/daniyelford/NeuroCallAi/core/RTPPacket.go:23.2,30.22 3 1
github.com/daniyelford/NeuroCallAi/core/RTPPacket.go:30.22,32.3 1 0
github.com/daniyelford/NeuroCallAi/core/RTPPacket.go:34.2,34.24 1 1
github.com/daniyelford/NeuroCallAi/core/RTPPacket.go:34.24,36.3 1 0
github.com/daniyelford/NeuroCallAi/core/RTPPacket.go:38.2,42.21 3 1
github.com/daniyelford/NeuroCallAi/core/RTPPacket.go:42.21,44.3 1 1
github.com/daniyelford/NeuroCallAi/core/RTPPacket.go:46.2,66.18 5 1
github.com/daniyelford/NeuroCallAi/core/RTPPacket.go:70.9,71.20 1 1
github.com/daniyelford/NeuroCallAi/core/RTPPacket.go:71.20,73.3 1 1
github.com/daniyelford/NeuroCallAi/core/RTPPacket.go:74.2,75.18 2 1
github.com/daniyelford/NeuroCallAi/core/RTPPacket.go:75.18,77.3 1 1
github.com/daniyelford/NeuroCallAi/core/RTPPacket.go:78.2,81.20 4 1
github.com/daniyelford/NeuroCallAi/core/RTPPacket.go:81.20,83.3 1 0
github.com/daniyelford/NeuroCallAi/core/RTPPacket.go:84.2,96.15 3 1
github.com/daniyelford/NeuroCallAi/core/RTPPacket.go:96.15,97.27 1 1
github.com/daniyelford/NeuroCallAi/core/RTPPacket.go:97.27,99.4 1 0
github.com/daniyelford/NeuroCallAi/core/RTPPacket.go:100.3,102.41 3 1
github.com/daniyelford/NeuroCallAi/core/RTPPacket.go:102.41,104.4 1 1
github.com/daniyelford/NeuroCallAi/core/RTPPacket.go:105.3,105.28 1 0
github.com/daniyelford/NeuroCallAi/core/RTPPacket.go:107.2,108.13 2 1
github.com/daniyelford/NeuroCallAi/core/RTPPacket.go:108.13,109.24 1 0
github.com/daniyelford/NeuroCallAi/core/RTPPacket.go:109.24,111.4 1 0
github.com/daniyelford/NeuroCallAi/core/RTPPacket.go:112.3,113.51 2 0
github.com/daniyelford/NeuroCallAi/core/RTPPacket.go:113.51,115.4 1 0
github.com/daniyelford/NeuroCallAi/core/RTPPacket.go:116.3,116.46 1 0
github.com/daniyelford/NeuroCallAi/core/RTPPacket.go:118.2,123.12 3 1
github.com/daniyelford/NeuroCallAi/core/RTPSequenceTracker.go:3.50,5.2 1 1
github.com/daniyelford/NeuroCallAi/core/RTPSequenceTracker.go:6.49,10.16 3 1
github.com/daniyelford/NeuroCallAi/core/RTPSequenceTracker.go:10.16,15.3 4 1
github.com/daniyelford/NeuroCallAi/core/RTPSequenceTracker.go:18.2,18.19 1 1
github.com/daniyelford/NeuroCallAi/core/RTPSequenceTracker.go:18.19,21.3 2 1
github.com/daniyelford/NeuroCallAi/core/RTPSequenceTracker.go:23.2,33.19 2 1
github.com/daniyelford/NeuroCallAi/core/RTPSequenceTracker.go:33.19,34.15 1 1
github.com/daniyelford/NeuroCallAi/core/RTPSequenceTracker.go:34.15,36.4 1 1
github.com/daniyelford/NeuroCallAi/core/RTPSequenceTracker.go:38.3,40.9 3 1
github.com/daniyelford/NeuroCallAi/core/RTPSequenceTracker.go:44.2,44.16 1 1
github.com/daniyelford/NeuroCallAi/core/RTPSequenceTracker.go:46.47,59.2 3 1
github.com/daniyelford/NeuroCallAi/core/RTPSequenceTracker.go:60.38,70.2 8 1
github.com/daniyelford/NeuroCallAi/core/RTPSession.go:18.24,19.20 1 1
github.com/daniyelford/NeuroCallAi/core/RTPSession.go:19.20,23.3 1 0
github.com/daniyelford/NeuroCallAi/core/RTPSession.go:24.2,24.21 1 1
github.com/daniyelford/NeuroCallAi/core/RTPSession.go:24.21,26.3 1 0
github.com/daniyelford/NeuroCallAi/core/RTPSession.go:27.2,31.25 2 1
github.com/daniyelford/NeuroCallAi/core/RTPSession.go:31.25,33.3 1 0
github.com/daniyelford/NeuroCallAi/core/RTPSession.go:34.2,35.16 2 1
github.com/daniyelford/NeuroCallAi/core/RTPSession.go:35.16,37.3 1 0
github.com/daniyelford/NeuroCallAi/core/RTPSession.go:38.2,52.8 2 1
github.com/daniyelford/NeuroCallAi/core/RTPSession.go:54.59,55.6 1 1
github.com/daniyelford/NeuroCallAi/core/RTPSession.go:55.6,57.12 2 1
github.com/daniyelford/NeuroCallAi/core/RTPSession.go:57.12,58.21 1 1
github.com/daniyelford/NeuroCallAi/core/RTPSession.go:58.21,62.5 1 1
github.com/daniyelford/NeuroCallAi/core/RTPSession.go:63.4,65.10 1 1
github.com/daniyelford/NeuroCallAi/core/RTPSession.go:67.3,67.28 1 1
github.com/daniyelford/NeuroCallAi/core/RTPSession.go:67.28,69.12 2 1
github.com/daniyelford/NeuroCallAi/core/RTPSession.go:71.3,72.17 2 1
github.com/daniyelford/NeuroCallAi/core/RTPSession.go:72.17,74.4 1 1
github.com/daniyelford/NeuroCallAi/core/RTPSession.go:75.3,75.47 1 1
github.com/daniyelford/NeuroCallAi/core/RTPSession.go:75.47,76.12 1 0
github.com/daniyelford/NeuroCallAi/core/RTPSession.go:80.36,82.14 2 1
github.com/daniyelford/NeuroCallAi/core/RTPSession.go:82.14,85.3 2 1
github.com/daniyelford/NeuroCallAi/core/RTPSession.go:86.2,89.17 4 1
github.com/daniyelford/NeuroCallAi/core/RTPSession.go:89.17,91.3 1 0
github.com/daniyelford/NeuroCallAi/core/RTPSession.go:92.2,92.21 1 1
github.com/daniyelford/NeuroCallAi/core/RTPSession.go:94.74,96.20 1 1
github.com/daniyelford/NeuroCallAi/core/RTPSession.go:96.20,98.3 1 1
github.com/daniyelford/NeuroCallAi/core/RTPSession.go:100.2,102.14 2 1
github.com/daniyelford/NeuroCallAi/core/RTPSession.go:102.14,105.3 2 1
github.com/daniyelford/NeuroCallAi/core/RTPSession.go:107.2,113.16 4 1
github.com/daniyelford/NeuroCallAi/core/RTPSession.go:113.16,115.3 1 1
github.com/daniyelford/NeuroCallAi/core/RTPSession.go:117.2,117.17 1 1
github.com/daniyelford/NeuroCallAi/core/RTPSession.go:117.17,121.24 2 0
github.com/daniyelford/NeuroCallAi/core/RTPSession.go:121.24,123.4 1 0
github.com/daniyelford/NeuroCallAi/core/RTPSession.go:125.3,128.9 1 0
github.com/daniyelford/NeuroCallAi/core/RTPSession.go:131.2,133.52 2 1
github.com/daniyelford/NeuroCallAi/core/RTPSession.go:133.52,138.3 1 1
github.com/daniyelford/NeuroCallAi/core/RTPSession.go:140.2,142.19 2 1
github.com/daniyelford/NeuroCallAi/core/RTPSession.go:142.19,144.3 1 0
github.com/daniyelford/NeuroCallAi/core/RTPSession.go:146.2,146.17 1 1
github.com/daniyelford/NeuroCallAi/core/RTPSession.go:148.77,149.20 1 1
github.com/daniyelford/NeuroCallAi/core/RTPSession.go:149.20,151.3 1 0
github.com/daniyelford/NeuroCallAi/core/RTPSession.go:152.2,152.19 1 1
github.com/daniyelford/NeuroCallAi/core/RTPSession.go:152.19,154.3 1 0
github.com/daniyelford/NeuroCallAi/core/RTPSession.go:155.2,156.23 2 1
github.com/daniyelford/NeuroCallAi/core/RTPSession.go:156.23,158.3 1 0
github.com/daniyelford/NeuroCallAi/core/RTPSession.go:159.2,159.35 1 1
github.com/daniyelford/NeuroCallAi/core/RTPSession.go:161.52,165.2 3 1
github.com/daniyelford/NeuroCallAi/core/RTPSession.go:166.39,171.2 3 1
github.com/daniyelford/NeuroCallAi/core/RTPSession.go:172.35,177.20 5 0
github.com/daniyelford/NeuroCallAi/core/RTPSession.go:177.20,179.3 1 0
github.com/daniyelford/NeuroCallAi/core/RTPSession.go:181.49,183.14 2 1
github.com/daniyelford/NeuroCallAi/core/RTPSession.go:183.14,186.3 2 1
github.com/daniyelford/NeuroCallAi/core/RTPSession.go:187.2,189.17 3 1
github.com/daniyelford/NeuroCallAi/core/RTPSession.go:189.17,191.3 1 0
github.com/daniyelford/NeuroCallAi/core/RTPSession.go:192.2,194.16 3 1
github.com/daniyelford/NeuroCallAi/core/RTPSession.go:194.16,198.13 4 1
github.com/daniyelford/NeuroCallAi/core/RTPSession.go:198.13,200.4 1 1
github.com/daniyelford/NeuroCallAi/core/RTPSession.go:201.3,201.18 1 0
github.com/daniyelford/NeuroCallAi/core/RTPSession.go:203.2,207.50 5 1
github.com/daniyelford/NeuroCallAi/core/RTPSession.go:207.50,212.3 4 1
github.com/daniyelford/NeuroCallAi/core/RTPSession.go:213.2,219.20 7 1
github.com/daniyelford/NeuroCallAi/core/RTPSession.go:221.63,223.23 1 1
github.com/daniyelford/NeuroCallAi/core/RTPSession.go:223.23,225.3 1 0
github.com/daniyelford/NeuroCallAi/core/RTPSession.go:227.2,227.18 1 1
github.com/daniyelford/NeuroCallAi/core/RTPSession.go:227.18,229.3 1 0
github.com/daniyelford/NeuroCallAi/core/RTPSession.go:231.2,233.14 2 1
github.com/daniyelford/NeuroCallAi/core/RTPSession.go:233.14,236.3 2 1
github.com/daniyelford/NeuroCallAi/core/RTPSession.go:238.2,254.16 5 1
github.com/daniyelford/NeuroCallAi/core/RTPSession.go:254.16,257.3 2 0
github.com/daniyelford/NeuroCallAi/core/RTPSession.go:259.2,267.16 4 1
github.com/daniyelford/NeuroCallAi/core/RTPSession.go:267.16,269.3 1 0
github.com/daniyelford/NeuroCallAi/core/RTPSession.go:271.2,278.12 5 1
github.com/daniyelford/NeuroCallAi/core/RTPSession.go:280.106,282.20 1 1
github.com/daniyelford/NeuroCallAi/core/RTPSession.go:282.20,284.3 1 0
github.com/daniyelford/NeuroCallAi/core/RTPSession.go:286.2,286.19 1 1
github.com/daniyelford/NeuroCallAi/core/RTPSession.go:286.19,288.3 1 0
github.com/daniyelford/NeuroCallAi/core/RTPSession.go:289.2,289.16 1 1
github.com/daniyelford/NeuroCallAi/core/RTPSession.go:289.16,291.3 1 0
github.com/daniyelford/NeuroCallAi/core/RTPSession.go:292.2,298.19 4 1
github.com/daniyelford/NeuroCallAi/core/RTPSession.go:298.19,300.3 1 1
github.com/daniyelford/NeuroCallAi/core/RTPSession.go:302.2,304.21 2 1
github.com/daniyelford/NeuroCallAi/core/RTPSession.go:304.21,306.3 1 0
github.com/daniyelford/NeuroCallAi/core/RTPSession.go:308.2,310.20 2 1
github.com/daniyelford/NeuroCallAi/core/RTPSession.go:310.20,312.3 1 0
github.com/daniyelford/NeuroCallAi/core/RTPSession.go:314.2,320.58 4 1
github.com/daniyelford/NeuroCallAi/core/RTPSession.go:320.58,324.21 2 1
github.com/daniyelford/NeuroCallAi/core/RTPSession.go:324.21,326.4 1 1
github.com/daniyelford/NeuroCallAi/core/RTPSession.go:328.3,330.13 2 1
github.com/daniyelford/NeuroCallAi/core/RTPSession.go:330.13,331.11 1 1
github.com/daniyelford/NeuroCallAi/core/RTPSession.go:332.22,333.21 1 1
github.com/daniyelford/NeuroCallAi/core/RTPSession.go:335.20,335.20 0 1
github.com/daniyelford/NeuroCallAi/core/RTPSession.go:339.3,344.17 2 1
github.com/daniyelford/NeuroCallAi/core/RTPSession.go:344.17,346.4 1 0
github.com/daniyelford/NeuroCallAi/core/RTPSession.go:349.2,349.12 1 1
github.com/daniyelford/NeuroCallAi/core/SIPCall.go:10.31,12.2 1 0
github.com/daniyelford/NeuroCallAi/core/SIPCall.go:13.34,16.14 3 1
github.com/daniyelford/NeuroCallAi/core/SIPCall.go:16.14,18.3 1 0
github.com/daniyelford/NeuroCallAi/core/SIPCall.go:19.2,19.16 1 1
github.com/daniyelford/NeuroCallAi/core/SIPCall.go:19.16,21.3 1 0
github.com/daniyelford/NeuroCallAi/core/SIPCall.go:22.2,23.12 2 1
github.com/daniyelford/NeuroCallAi/core/SIPCall.go:25.34,27.14 2 0
github.com/daniyelford/NeuroCallAi/core/SIPCall.go:27.14,30.3 2 0
github.com/daniyelford/NeuroCallAi/core/SIPCall.go:31.2,36.16 6 0
github.com/daniyelford/NeuroCallAi/core/SIPCall.go:36.16,38.3 1 0
github.com/daniyelford/NeuroCallAi/core/SIPCall.go:39.2,39.16 1 0
github.com/daniyelford/NeuroCallAi/core/SIPCall.go:39.16,41.3 1 0
github.com/daniyelford/NeuroCallAi/core/SIPCall.go:42.2,42.21 1 0
github.com/daniyelford/NeuroCallAi/core/SIPCall.go:42.21,44.3 1 0
github.com/daniyelford/NeuroCallAi/core/SIPCall.go:45.2,45.12 1 0
github.com/daniyelford/NeuroCallAi/core/SIPCall.go:47.35,52.2 3 1
github.com/daniyelford/NeuroCallAi/core/SIPCall.go:53.33,58.2 3 1
github.com/daniyelford/NeuroCallAi/core/SIPCall.go:61.9,66.14 3 1
github.com/daniyelford/NeuroCallAi/core/SIPCall.go:66.14,68.3 1 0
github.com/daniyelford/NeuroCallAi/core/SIPCall.go:70.2,72.12 2 1
github.com/daniyelford/NeuroCallAi/core/SIPCall.go:74.42,78.2 3 0
github.com/daniyelford/NeuroCallAi/core/SIPCall.go:79.38,80.14 1 1
github.com/daniyelford/NeuroCallAi/core/SIPCall.go:80.14,82.3 1 0
github.com/daniyelford/NeuroCallAi/core/SIPCall.go:83.2,84.34 2 1
github.com/daniyelford/NeuroCallAi/core/SIPCall.go:84.34,87.3 2 0
github.com/daniyelford/NeuroCallAi/core/SIPCall.go:88.2,90.12 3 1
github.com/daniyelford/NeuroCallAi/core/SIPCall.go:90.12,91.16 1 1
github.com/daniyelford/NeuroCallAi/core/SIPCall.go:91.16,95.4 3 1
github.com/daniyelford/NeuroCallAi/core/SIPCall.go:96.3,96.7 1 1
github.com/daniyelford/NeuroCallAi/core/SIPCall.go:96.7,98.16 2 1
github.com/daniyelford/NeuroCallAi/core/SIPCall.go:98.16,101.5 2 0
github.com/daniyelford/NeuroCallAi/core/SIPCall.go:102.4,110.22 7 1
github.com/daniyelford/NeuroCallAi/core/SIPCall.go:110.22,112.5 1 0
github.com/daniyelford/NeuroCallAi/core/SIPCall.go:113.4,114.22 2 1
github.com/daniyelford/NeuroCallAi/core/SIPCall.go:114.22,116.5 1 0
github.com/daniyelford/NeuroCallAi/core/SIPCall.go:117.4,118.18 2 1
github.com/daniyelford/NeuroCallAi/core/SIPCall.go:118.18,119.19 1 1
github.com/daniyelford/NeuroCallAi/core/SIPCall.go:119.19,121.6 1 1
github.com/daniyelford/NeuroCallAi/core/SIPCall.go:122.5,122.13 1 0
github.com/daniyelford/NeuroCallAi/core/SIPCall.go:124.4,124.21 1 1
github.com/daniyelford/NeuroCallAi/core/SIPCall.go:124.21,125.13 1 0
github.com/daniyelford/NeuroCallAi/core/SIPCall.go:127.4,134.18 4 1
github.com/daniyelford/NeuroCallAi/core/SIPCall.go:134.18,135.13 1 0
github.com/daniyelford/NeuroCallAi/core/SIPCall.go:137.4,137.18 1 1
github.com/daniyelford/NeuroCallAi/core/SIPCall.go:137.18,138.13 1 0
github.com/daniyelford/NeuroCallAi/core/SIPCall.go:140.4,140.37 1 1
github.com/daniyelford/NeuroCallAi/core/SIPCall.go:140.37,141.31 1 1
github.com/daniyelford/NeuroCallAi/core/SIPCall.go:141.31,142.14 1 0
github.com/daniyelford/NeuroCallAi/core/SIPCall.go:144.5,144.45 1 1
github.com/daniyelford/NeuroCallAi/core/SIPCall.go:144.45,145.20 1 0
github.com/daniyelford/NeuroCallAi/core/SIPCall.go:145.20,147.7 1 0
github.com/daniyelford/NeuroCallAi/core/SIPCall.go:149.6,149.14 1 0
github.com/daniyelford/NeuroCallAi/core/SIPCall.go:157.9,159.14 2 1
github.com/daniyelford/NeuroCallAi/core/SIPCall.go:159.14,162.3 2 0
github.com/daniyelford/NeuroCallAi/core/SIPCall.go:163.2,163.18 1 1
github.com/daniyelford/NeuroCallAi/core/SIPCall.go:163.18,166.3 2 0
github.com/daniyelford/NeuroCallAi/core/SIPCall.go:167.2,179.16 7 1
github.com/daniyelford/NeuroCallAi/core/SIPCall.go:179.16,181.3 1 0
github.com/daniyelford/NeuroCallAi/core/SIPCall.go:182.2,183.14 2 1
github.com/daniyelford/NeuroCallAi/core/SIPCall.go:183.14,187.3 3 0
github.com/daniyelford/NeuroCallAi/core/SIPCall.go:188.2,190.12 3 1
github.com/daniyelford/NeuroCallAi/core/SIPCall.go:194.9,198.14 2 1
github.com/daniyelford/NeuroCallAi/core/SIPCall.go:198.14,201.3 2 0
github.com/daniyelford/NeuroCallAi/core/SIPCall.go:203.2,203.23 1 1
github.com/daniyelford/NeuroCallAi/core/SIPCall.go:203.23,206.3 2 0
github.com/daniyelford/NeuroCallAi/core/SIPCall.go:208.2,215.16 4 1
github.com/daniyelford/NeuroCallAi/core/SIPCall.go:215.16,217.3 1 0
github.com/daniyelford/NeuroCallAi/core/SIPCall.go:219.2,222.16 2 1
github.com/daniyelford/NeuroCallAi/core/SIPCall.go:222.16,224.3 1 0
github.com/daniyelford/NeuroCallAi/core/SIPCall.go:226.2,233.14 5 1
github.com/daniyelford/NeuroCallAi/core/SIPCall.go:233.14,237.3 3 0
github.com/daniyelford/NeuroCallAi/core/SIPCall.go:239.2,243.12 3 1
github.com/daniyelford/NeuroCallAi/core/SIPCall.go:248.9,260.12 8 1
github.com/daniyelford/NeuroCallAi/core/SIPCall.go:260.12,262.3 1 1
github.com/daniyelford/NeuroCallAi/core/SIPCall.go:264.2,264.16 1 1
github.com/daniyelford/NeuroCallAi/core/SIPCall.go:264.16,268.3 1 1
github.com/daniyelford/NeuroCallAi/core/SIPCall.go:270.2,270.16 1 1
github.com/daniyelford/NeuroCallAi/core/SIPCall.go:270.16,274.3 1 1
github.com/daniyelford/NeuroCallAi/core/SIPCall.go:276.2,276.21 1 1
github.com/daniyelford/NeuroCallAi/core/SIPCall.go:276.21,280.3 1 1
github.com/daniyelford/NeuroCallAi/core/SIPCall.go:282.2,286.16 2 1
github.com/daniyelford/NeuroCallAi/core/SIPCall.go:286.16,288.3 1 1
github.com/daniyelford/NeuroCallAi/core/SIPCall.go:289.2,290.19 2 1
github.com/daniyelford/NeuroCallAi/core/SIPCall.go:290.19,292.3 1 1
github.com/daniyelford/NeuroCallAi/core/SIPCall.go:293.2,299.20 3 1
github.com/daniyelford/NeuroCallAi/core/SIPCall.go:299.20,303.3 1 0
github.com/daniyelford/NeuroCallAi/core/SIPCall.go:304.2,308.3 1 1
github.com/daniyelford/NeuroCallAi/core/SIPCall.go:310.42,321.16 11 1
github.com/daniyelford/NeuroCallAi/core/SIPCall.go:321.16,322.37 1 1
github.com/daniyelford/NeuroCallAi/core/SIPCall.go:322.37,324.4 1 0
github.com/daniyelford/NeuroCallAi/core/SIPCall.go:326.2,326.21 1 1
github.com/daniyelford/NeuroCallAi/core/SIPCall.go:326.21,327.61 1 1
github.com/daniyelford/NeuroCallAi/core/SIPCall.go:327.61,329.4 1 0
github.com/daniyelford/NeuroCallAi/core/SIPCall.go:331.2,331.16 1 1
github.com/daniyelford/NeuroCallAi/core/SIPCall.go:331.16,332.56 1 1
github.com/daniyelford/NeuroCallAi/core/SIPCall.go:332.56,334.4 1 0
github.com/daniyelford/NeuroCallAi/core/SIPCall.go:336.2,336.17 1 1
github.com/daniyelford/NeuroCallAi/core/SIPMessage.go:5.38,8.22 2 1
github.com/daniyelford/NeuroCallAi/core/SIPMessage.go:8.22,10.3 1 0
github.com/daniyelford/NeuroCallAi/core/SIPMessage.go:12.2,12.18 1 1
github.com/daniyelford/NeuroCallAi/core/SIPServer.go:18.14,20.20 1 1
github.com/daniyelford/NeuroCallAi/core/SIPServer.go:20.20,25.3 1 1
github.com/daniyelford/NeuroCallAi/core/SIPServer.go:27.2,27.19 1 1
github.com/daniyelford/NeuroCallAi/core/SIPServer.go:27.19,29.3 1 1
github.com/daniyelford/NeuroCallAi/core/SIPServer.go:30.2,38.16 4 1
github.com/daniyelford/NeuroCallAi/core/SIPServer.go:38.16,40.3 1 1
github.com/daniyelford/NeuroCallAi/core/SIPServer.go:42.2,42.16 1 1
github.com/daniyelford/NeuroCallAi/core/SIPServer.go:42.16,44.3 1 0
github.com/daniyelford/NeuroCallAi/core/SIPServer.go:46.2,46.16 1 1
github.com/daniyelford/NeuroCallAi/core/SIPServer.go:46.16,48.3 1 0
github.com/daniyelford/NeuroCallAi/core/SIPServer.go:49.2,49.23 1 1
github.com/daniyelford/NeuroCallAi/core/SIPServer.go:49.23,55.3 1 0
github.com/daniyelford/NeuroCallAi/core/SIPServer.go:57.2,57.23 1 1
github.com/daniyelford/NeuroCallAi/core/SIPServer.go:57.23,63.3 1 0
github.com/daniyelford/NeuroCallAi/core/SIPServer.go:65.2,65.15 1 1
github.com/daniyelford/NeuroCallAi/core/SIPServer.go:67.55,71.19 2 1
github.com/daniyelford/NeuroCallAi/core/SIPServer.go:71.19,77.3 2 0
github.com/daniyelford/NeuroCallAi/core/SIPServer.go:79.2,91.16 3 1
github.com/daniyelford/NeuroCallAi/core/SIPServer.go:91.16,94.3 2 0
github.com/daniyelford/NeuroCallAi/core/SIPServer.go:96.2,107.12 7 1
github.com/daniyelford/NeuroCallAi/core/SIPServer.go:109.34,116.19 7 1
github.com/daniyelford/NeuroCallAi/core/SIPServer.go:116.19,118.3 1 1
github.com/daniyelford/NeuroCallAi/core/SIPServer.go:119.2,119.17 1 1
github.com/daniyelford/NeuroCallAi/core/SIPServer.go:119.17,121.3 1 1
github.com/daniyelford/NeuroCallAi/core/SIPServer.go:122.2,122.22 1 1
github.com/daniyelford/NeuroCallAi/core/SIPServer.go:122.22,123.41 1 1
github.com/daniyelford/NeuroCallAi/core/SIPServer.go:123.41,124.19 1 1
github.com/daniyelford/NeuroCallAi/core/SIPServer.go:124.19,125.13 1 0
github.com/daniyelford/NeuroCallAi/core/SIPServer.go:127.4,127.37 1 1
github.com/daniyelford/NeuroCallAi/core/SIPServer.go:130.2,130.12 1 1
github.com/daniyelford/NeuroCallAi/core/SIPServer.go:132.51,139.6 2 1
github.com/daniyelford/NeuroCallAi/core/SIPServer.go:139.6,141.10 1 1
github.com/daniyelford/NeuroCallAi/core/SIPServer.go:142.21,143.10 1 1
github.com/daniyelford/NeuroCallAi/core/SIPServer.go:145.11,145.11 0 1
github.com/daniyelford/NeuroCallAi/core/SIPServer.go:148.3,152.18 4 1
github.com/daniyelford/NeuroCallAi/core/SIPServer.go:152.18,154.4 1 0
github.com/daniyelford/NeuroCallAi/core/SIPServer.go:156.3,159.17 2 1
github.com/daniyelford/NeuroCallAi/core/SIPServer.go:159.17,160.11 1 1
github.com/daniyelford/NeuroCallAi/core/SIPServer.go:161.22,162.11 1 1
github.com/daniyelford/NeuroCallAi/core/SIPServer.go:163.12,164.13 1 0
github.com/daniyelford/NeuroCallAi/core/SIPServer.go:168.3,176.5 2 1
github.com/daniyelford/NeuroCallAi/core/SIPServer.go:176.5,177.54 1 1
github.com/daniyelford/NeuroCallAi/core/SIPServer.go:177.54,183.5 1 0
github.com/daniyelford/NeuroCallAi/core/SIPServer.go:187.89,189.16 2 1
github.com/daniyelford/NeuroCallAi/core/SIPServer.go:189.16,191.3 1 0
github.com/daniyelford/NeuroCallAi/core/SIPServer.go:192.2,192.26 1 1
github.com/daniyelford/NeuroCallAi/core/SIPServer.go:193.16,198.4 1 1
github.com/daniyelford/NeuroCallAi/core/SIPServer.go:199.13,204.4 1 1
github.com/daniyelford/NeuroCallAi/core/SIPServer.go:205.13,210.4 1 0
github.com/daniyelford/NeuroCallAi/core/SIPServer.go:211.17,216.4 1 0
github.com/daniyelford/NeuroCallAi/core/SIPServer.go:217.10,224.4 1 0
github.com/daniyelford/NeuroCallAi/core/SIPServer.go:227.116,240.17 5 1
github.com/daniyelford/NeuroCallAi/core/SIPServer.go:240.17,242.3 1 0
github.com/daniyelford/NeuroCallAi/core/SIPServer.go:244.2,249.12 2 1
github.com/daniyelford/NeuroCallAi/core/SIPServer.go:251.97,252.72 1 1
github.com/daniyelford/NeuroCallAi/core/SIPServer.go:252.72,254.3 1 0
github.com/daniyelford/NeuroCallAi/core/SIPServer.go:255.2,255.18 1 1
github.com/daniyelford/NeuroCallAi/core/SIPServer.go:255.18,257.3 1 0
github.com/daniyelford/NeuroCallAi/core/SIPServer.go:258.2,259.16 2 1
github.com/daniyelford/NeuroCallAi/core/SIPServer.go:259.16,261.3 1 0
github.com/daniyelford/NeuroCallAi/core/SIPServer.go:262.2,263.16 2 1
github.com/daniyelford/NeuroCallAi/core/SIPServer.go:263.16,265.3 1 0
github.com/daniyelford/NeuroCallAi/core/SIPServer.go:266.2,267.18 2 1
github.com/daniyelford/NeuroCallAi/core/SIPServer.go:267.18,269.3 1 0
github.com/daniyelford/NeuroCallAi/core/SIPServer.go:270.2,271.18 2 1
github.com/daniyelford/NeuroCallAi/core/SIPServer.go:271.18,273.17 2 0
github.com/daniyelford/NeuroCallAi/core/SIPServer.go:273.17,275.4 1 0
github.com/daniyelford/NeuroCallAi/core/SIPServer.go:277.2,277.20 1 1
github.com/daniyelford/NeuroCallAi/core/SIPServer.go:277.20,278.21 1 0
github.com/daniyelford/NeuroCallAi/core/SIPServer.go:278.21,280.4 1 0
github.com/daniyelford/NeuroCallAi/core/SIPServer.go:282.3,282.31 1 0
github.com/daniyelford/NeuroCallAi/core/SIPServer.go:287.2,295.20 2 1
github.com/daniyelford/NeuroCallAi/core/SIPServer.go:295.20,296.47 1 0
github.com/daniyelford/NeuroCallAi/core/SIPServer.go:296.47,299.4 2 0
github.com/daniyelford/NeuroCallAi/core/SIPServer.go:304.2,304.44 1 1
github.com/daniyelford/NeuroCallAi/core/SIPServer.go:304.44,307.3 2 0
github.com/daniyelford/NeuroCallAi/core/SIPServer.go:308.2,309.16 2 1
github.com/daniyelford/NeuroCallAi/core/SIPServer.go:309.16,312.3 2 0
github.com/daniyelford/NeuroCallAi/core/SIPServer.go:314.2,320.16 2 1
github.com/daniyelford/NeuroCallAi/core/SIPServer.go:320.16,323.3 2 0
github.com/daniyelford/NeuroCallAi/core/SIPServer.go:325.2,325.56 1 1
github.com/daniyelford/NeuroCallAi/core/SIPServer.go:325.56,328.3 2 0
github.com/daniyelford/NeuroCallAi/core/SIPServer.go:330.2,330.53 1 1
github.com/daniyelford/NeuroCallAi/core/SIPServer.go:330.53,333.3 2 0
github.com/daniyelford/NeuroCallAi/core/SIPServer.go:335.2,335.18 1 1
github.com/daniyelford/NeuroCallAi/core/SIPServer.go:335.18,336.62 1 0
github.com/daniyelford/NeuroCallAi/core/SIPServer.go:336.62,339.4 2 0
github.com/daniyelford/NeuroCallAi/core/SIPServer.go:342.2,342.18 1 1
github.com/daniyelford/NeuroCallAi/core/SIPServer.go:342.18,343.55 1 0
github.com/daniyelford/NeuroCallAi/core/SIPServer.go:343.55,346.4 2 0
github.com/daniyelford/NeuroCallAi/core/SIPServer.go:350.2,351.16 2 1
github.com/daniyelford/NeuroCallAi/core/SIPServer.go:351.16,354.3 2 0
github.com/daniyelford/NeuroCallAi/core/SIPServer.go:356.2,361.57 4 1
github.com/daniyelford/NeuroCallAi/core/SIPServer.go:361.57,364.3 2 0
github.com/daniyelford/NeuroCallAi/core/SIPServer.go:367.2,367.65 1 1
github.com/daniyelford/NeuroCallAi/core/SIPServer.go:367.65,370.3 2 0
github.com/daniyelford/NeuroCallAi/core/SIPServer.go:373.2,386.40 7 1
github.com/daniyelford/NeuroCallAi/core/SIPServer.go:386.40,389.3 2 0
github.com/daniyelford/NeuroCallAi/core/SIPServer.go:395.2,399.69 2 1
github.com/daniyelford/NeuroCallAi/core/SIPServer.go:399.69,402.3 2 0
github.com/daniyelford/NeuroCallAi/core/SIPServer.go:403.2,403.12 1 1
github.com/daniyelford/NeuroCallAi/core/SIPServer.go:405.89,407.18 2 1
github.com/daniyelford/NeuroCallAi/core/SIPServer.go:407.18,409.3 1 0
github.com/daniyelford/NeuroCallAi/core/SIPServer.go:410.2,411.16 2 1
github.com/daniyelford/NeuroCallAi/core/SIPServer.go:411.16,413.3 1 0
github.com/daniyelford/NeuroCallAi/core/SIPServer.go:414.2,414.22 1 1
github.com/daniyelford/NeuroCallAi/core/SIPServer.go:414.22,415.39 1 1
github.com/daniyelford/NeuroCallAi/core/SIPServer.go:415.39,417.4 1 0
github.com/daniyelford/NeuroCallAi/core/SIPServer.go:418.3,418.26 1 1
github.com/daniyelford/NeuroCallAi/core/SIPServer.go:420.2,421.16 2 1
github.com/daniyelford/NeuroCallAi/core/SIPServer.go:421.16,426.3 1 1
github.com/daniyelford/NeuroCallAi/core/SIPServer.go:427.2,427.12 1 1
github.com/daniyelford/NeuroCallAi/core/SIPServer.go:429.94,431.18 2 0
github.com/daniyelford/NeuroCallAi/core/SIPServer.go:431.18,433.3 1 0
github.com/daniyelford/NeuroCallAi/core/SIPServer.go:434.2,435.16 2 0
github.com/daniyelford/NeuroCallAi/core/SIPServer.go:435.16,437.3 1 0
github.com/daniyelford/NeuroCallAi/core/SIPServer.go:438.2,438.68 1 0
github.com/daniyelford/NeuroCallAi/core/SIPServer.go:438.68,440.3 1 0
github.com/daniyelford/NeuroCallAi/core/SIPServer.go:441.2,442.20 2 0
github.com/daniyelford/NeuroCallAi/core/SIPServer.go:442.20,444.3 1 0
github.com/daniyelford/NeuroCallAi/core/SIPServer.go:445.2,445.33 1 0
github.com/daniyelford/NeuroCallAi/core/SIPServer.go:447.98,456.2 1 0
github.com/daniyelford/NeuroCallAi/core/SIPServer.go:457.38,458.31 1 0
github.com/daniyelford/NeuroCallAi/core/SIPServer.go:458.31,460.3 1 0
github.com/daniyelford/NeuroCallAi/core/SIPServer.go:461.2,463.29 1 0
github.com/daniyelford/NeuroCallAi/core/SIPServer.go:463.29,465.3 1 0
github.com/daniyelford/NeuroCallAi/core/SIPServer.go:466.2,466.20 1 0
github.com/daniyelford/NeuroCallAi/core/SIPServer.go:468.55,475.2 1 1
github.com/daniyelford/NeuroCallAi/core/STTEngine.go:12.14,23.2 2 1
github.com/daniyelford/NeuroCallAi/core/STTEngine.go:26.3,31.2 3 0
github.com/daniyelford/NeuroCallAi/core/STTEngine.go:35.33,42.16 5 1
github.com/daniyelford/NeuroCallAi/core/STTEngine.go:42.16,46.3 1 1
github.com/daniyelford/NeuroCallAi/core/STTEngine.go:48.2,48.16 1 1
github.com/daniyelford/NeuroCallAi/core/STTEngine.go:48.16,50.3 1 0
github.com/daniyelford/NeuroCallAi/core/STTEngine.go:52.2,55.3 1 1
github.com/daniyelford/NeuroCallAi/core/STTEngine.go:57.29,66.19 5 1
github.com/daniyelford/NeuroCallAi/core/STTEngine.go:66.19,68.3 1 1
github.com/daniyelford/NeuroCallAi/core/STTWorker.go:15.23,17.19 1 1
github.com/daniyelford/NeuroCallAi/core/STTWorker.go:17.19,19.3 1 1
github.com/daniyelford/NeuroCallAi/core/STTWorker.go:21.2,21.16 1 1
github.com/daniyelford/NeuroCallAi/core/STTWorker.go:21.16,23.3 1 1
github.com/daniyelford/NeuroCallAi/core/STTWorker.go:25.2,25.18 1 1
github.com/daniyelford/NeuroCallAi/core/STTWorker.go:25.18,27.3 1 1
github.com/daniyelford/NeuroCallAi/core/STTWorker.go:29.2,29.21 1 1
github.com/daniyelford/NeuroCallAi/core/STTWorker.go:29.21,31.3 1 1
github.com/daniyelford/NeuroCallAi/core/STTWorker.go:33.2,44.8 2 1
github.com/daniyelford/NeuroCallAi/core/STTWorker.go:48.3,53.2 3 0
github.com/daniyelford/NeuroCallAi/core/STTWorker.go:54.64,55.28 1 1
github.com/daniyelford/NeuroCallAi/core/STTWorker.go:55.28,57.3 1 1
github.com/daniyelford/NeuroCallAi/core/STTWorker.go:58.2,60.15 2 1
github.com/daniyelford/NeuroCallAi/core/STTWorker.go:60.15,63.3 2 1
github.com/daniyelford/NeuroCallAi/core/STTWorker.go:65.2,70.9 4 1
github.com/daniyelford/NeuroCallAi/core/STTWorker.go:72.20,73.33 1 0
github.com/daniyelford/NeuroCallAi/core/STTWorker.go:75.24,76.13 1 1
github.com/daniyelford/NeuroCallAi/core/STTWorker.go:79.35,82.15 2 1
github.com/daniyelford/NeuroCallAi/core/STTWorker.go:82.15,85.3 2 1
github.com/daniyelford/NeuroCallAi/core/STTWorker.go:87.2,87.15 1 1
github.com/daniyelford/NeuroCallAi/core/STTWorker.go:87.15,90.3 2 1
github.com/daniyelford/NeuroCallAi/core/STTWorker.go:92.2,98.22 5 1
github.com/daniyelford/NeuroCallAi/core/STTWorker.go:98.22,99.46 1 0
github.com/daniyelford/NeuroCallAi/core/STTWorker.go:99.46,104.4 4 0
github.com/daniyelford/NeuroCallAi/core/STTWorker.go:106.3,106.31 1 0
github.com/daniyelford/NeuroCallAi/core/STTWorker.go:109.2,111.12 2 1
github.com/daniyelford/NeuroCallAi/core/STTWorker.go:113.68,116.6 2 0
github.com/daniyelford/NeuroCallAi/core/STTWorker.go:116.6,117.10 1 0
github.com/daniyelford/NeuroCallAi/core/STTWorker.go:118.23,119.10 1 0
github.com/daniyelford/NeuroCallAi/core/STTWorker.go:120.30,121.11 1 0
github.com/daniyelford/NeuroCallAi/core/STTWorker.go:121.11,123.5 1 0
github.com/daniyelford/NeuroCallAi/core/STTWorker.go:124.4,130.6 1 0
github.com/daniyelford/NeuroCallAi/core/STTWorker.go:134.27,135.6 1 1
github.com/daniyelford/NeuroCallAi/core/STTWorker.go:135.6,136.10 1 1
github.com/daniyelford/NeuroCallAi/core/STTWorker.go:138.23,139.10 1 1
github.com/daniyelford/NeuroCallAi/core/STTWorker.go:141.33,142.11 1 1
github.com/daniyelford/NeuroCallAi/core/STTWorker.go:142.11,144.5 1 0
github.com/daniyelford/NeuroCallAi/core/STTWorker.go:146.4,151.18 2 1
github.com/daniyelford/NeuroCallAi/core/STTWorker.go:151.18,160.13 2 1
github.com/daniyelford/NeuroCallAi/core/STTWorker.go:163.4,169.6 1 1
github.com/daniyelford/NeuroCallAi/core/STTWorker.go:173.28,176.15 2 1
github.com/daniyelford/NeuroCallAi/core/STTWorker.go:176.15,179.3 2 1
github.com/daniyelford/NeuroCallAi/core/STTWorker.go:181.2,189.19 6 1
github.com/daniyelford/NeuroCallAi/core/STTWorker.go:189.19,191.3 1 1
github.com/daniyelford/NeuroCallAi/core/STTWorker.go:193.2,193.22 1 1
github.com/daniyelford/NeuroCallAi/core/STTWorker.go:193.22,195.3 1 0
github.com/daniyelford/NeuroCallAi/core/ShutdownManager.go:3.44,5.2 1 1
github.com/daniyelford/NeuroCallAi/core/ShutdownManager.go:8.3,9.20 1 1
github.com/daniyelford/NeuroCallAi/core/ShutdownManager.go:9.20,11.3 1 1
github.com/daniyelford/NeuroCallAi/core/ShutdownManager.go:13.2,17.30 3 1
github.com/daniyelford/NeuroCallAi/core/ShutdownManager.go:19.44,22.20 2 1
github.com/daniyelford/NeuroCallAi/core/ShutdownManager.go:22.20,25.3 2 1
github.com/daniyelford/NeuroCallAi/core/ShutdownManager.go:27.2,38.35 5 1
github.com/daniyelford/NeuroCallAi/core/ShutdownManager.go:38.35,40.20 1 1
github.com/daniyelford/NeuroCallAi/core/ShutdownManager.go:40.20,42.4 1 1
github.com/daniyelford/NeuroCallAi/core/ShutdownManager.go:45.2,45.17 1 1
github.com/daniyelford/NeuroCallAi/core/TTSEngine.go:11.49,15.2 1 1
github.com/daniyelford/NeuroCallAi/core/TTSEngine.go:16.47,21.2 3 1
github.com/daniyelford/NeuroCallAi/core/TTSEngine.go:25.38,27.35 1 1
github.com/daniyelford/NeuroCallAi/core/TTSEngine.go:27.35,29.3 1 1
github.com/daniyelford/NeuroCallAi/core/TTSEngine.go:31.2,35.16 4 1
github.com/daniyelford/NeuroCallAi/core/TTSEngine.go:35.16,39.3 1 1
github.com/daniyelford/NeuroCallAi/core/TTSEngine.go:41.2,41.34 1 1
github.com/daniyelford/NeuroCallAi/core/TTSPlayback.go:12.25,14.19 1 1
github.com/daniyelford/NeuroCallAi/core/TTSPlayback.go:14.19,18.3 1 1
github.com/daniyelford/NeuroCallAi/core/TTSPlayback.go:20.2,28.8 2 1
github.com/daniyelford/NeuroCallAi/core/TTSPlayback.go:30.37,31.14 1 1
github.com/daniyelford/NeuroCallAi/core/TTSPlayback.go:31.14,33.3 1 1
github.com/daniyelford/NeuroCallAi/core/TTSPlayback.go:35.2,35.21 1 1
github.com/daniyelford/NeuroCallAi/core/TTSPlayback.go:35.21,37.3 1 1
github.com/daniyelford/NeuroCallAi/core/TTSPlayback.go:39.2,39.12 1 1
github.com/daniyelford/NeuroCallAi/core/TTSPlayback.go:44.38,46.33 1 1
github.com/daniyelford/NeuroCallAi/core/TTSPlayback.go:46.33,50.3 1 1
github.com/daniyelford/NeuroCallAi/core/TTSPlayback.go:52.2,52.16 1 1
github.com/daniyelford/NeuroCallAi/core/TTSPlayback.go:52.16,54.3 1 0
github.com/daniyelford/NeuroCallAi/core/TTSPlayback.go:56.2,59.3 1 1
github.com/daniyelford/NeuroCallAi/core/ToolRegistry.go:9.38,13.2 1 1
github.com/daniyelford/NeuroCallAi/core/ToolRegistry.go:16.9,17.17 1 1
github.com/daniyelford/NeuroCallAi/core/ToolRegistry.go:17.17,19.3 1 1
github.com/daniyelford/NeuroCallAi/core/ToolRegistry.go:20.2,21.16 2 1
github.com/daniyelford/NeuroCallAi/core/ToolRegistry.go:21.16,25.3 1 1
github.com/daniyelford/NeuroCallAi/core/ToolRegistry.go:26.2,28.40 3 1
github.com/daniyelford/NeuroCallAi/core/ToolRegistry.go:28.40,33.3 1 1
github.com/daniyelford/NeuroCallAi/core/ToolRegistry.go:34.2,35.12 2 1
github.com/daniyelford/NeuroCallAi/core/ToolRegistry.go:39.26,47.2 4 1
github.com/daniyelford/NeuroCallAi/core/ToolRegistry.go:48.48,59.31 4 1
github.com/daniyelford/NeuroCallAi/core/ToolRegistry.go:59.31,61.3 1 1
github.com/daniyelford/NeuroCallAi/core/ToolRegistry.go:63.2,63.15 1 1
github.com/daniyelford/NeuroCallAi/core/ToolRegistry.go:68.16,72.9 2 1
github.com/daniyelford/NeuroCallAi/core/ToolRegistry.go:72.9,74.3 1 1
github.com/daniyelford/NeuroCallAi/core/ToolRegistry.go:76.2,76.24 1 1
github.com/daniyelford/NeuroCallAi/core/VoiceResponseEngine.go:14.24,22.16 2 1
github.com/daniyelford/NeuroCallAi/core/VoiceResponseEngine.go:22.16,25.22 1 1
github.com/daniyelford/NeuroCallAi/core/VoiceResponseEngine.go:25.22,27.12 2 1
github.com/daniyelford/NeuroCallAi/core/VoiceResponseEngine.go:27.12,29.6 1 0
github.com/daniyelford/NeuroCallAi/core/VoiceResponseEngine.go:30.5,30.55 1 1
github.com/daniyelford/NeuroCallAi/core/VoiceResponseEngine.go:30.55,38.6 1 1
github.com/daniyelford/NeuroCallAi/core/VoiceResponseEngine.go:42.2,42.15 1 1
github.com/daniyelford/NeuroCallAi/core/VoiceResponseEngine.go:46.9,48.38 1 1
github.com/daniyelford/NeuroCallAi/core/VoiceResponseEngine.go:48.38,50.3 1 0
github.com/daniyelford/NeuroCallAi/core/VoiceResponseEngine.go:52.2,55.47 3 1
github.com/daniyelford/NeuroCallAi/core/VoiceResponseEngine.go:55.47,60.3 1 0
github.com/daniyelford/NeuroCallAi/core/VoiceResponseEngine.go:62.2,64.12 2 1
github.com/daniyelford/NeuroCallAi/core/VoiceResponseEngine.go:68.9,73.43 3 1
github.com/daniyelford/NeuroCallAi/core/VoiceResponseEngine.go:73.43,75.3 1 1
github.com/daniyelford/NeuroCallAi/core/VoiceResponseEngine.go:77.2,79.12 2 1
github.com/daniyelford/NeuroCallAi/core/VoiceResponseEngine.go:83.21,88.9 4 1
github.com/daniyelford/NeuroCallAi/core/VoiceResponseEngine.go:88.9,90.3 1 1
github.com/daniyelford/NeuroCallAi/core/VoiceResponseEngine.go:92.2,92.18 1 1
github.com/daniyelford/NeuroCallAi/core/VoiceResponseEngine.go:96.9,97.24 1 1
github.com/daniyelford/NeuroCallAi/core/VoiceResponseEngine.go:97.24,99.3 1 1
github.com/daniyelford/NeuroCallAi/core/VoiceResponseEngine.go:101.2,102.16 2 1
github.com/daniyelford/NeuroCallAi/core/VoiceResponseEngine.go:102.16,104.3 1 1
github.com/daniyelford/NeuroCallAi/core/VoiceResponseEngine.go:106.2,110.17 4 1
github.com/daniyelford/NeuroCallAi/core/VoiceResponseEngine.go:110.17,112.3 1 1
github.com/daniyelford/NeuroCallAi/core/VoiceResponseEngine.go:114.2,114.19 1 1
github.com/daniyelford/NeuroCallAi/core/VoiceResponseEngine.go:114.19,116.3 1 1
github.com/daniyelford/NeuroCallAi/core/VoiceResponseEngine.go:118.2,121.3 1 1
github.com/daniyelford/NeuroCallAi/core/VoiceResponseEngine.go:125.3,127.17 1 1
github.com/daniyelford/NeuroCallAi/core/VoiceResponseEngine.go:127.17,129.3 1 1
github.com/daniyelford/NeuroCallAi/core/VoiceResponseEngine.go:131.2,134.29 3 1
github.com/daniyelford/NeuroCallAi/core/methods.go:19.11,21.22 1 0
github.com/daniyelford/NeuroCallAi/core/methods.go:21.22,23.3 1 0
github.com/daniyelford/NeuroCallAi/core/methods.go:25.2,30.21 2 0
github.com/daniyelford/NeuroCallAi/core/methods.go:30.21,34.3 1 0
github.com/daniyelford/NeuroCallAi/core/methods.go:36.2,36.12 1 0
github.com/daniyelford/NeuroCallAi/core/methods.go:40.10,45.29 2 1
github.com/daniyelford/NeuroCallAi/core/methods.go:45.29,48.3 2 1
github.com/daniyelford/NeuroCallAi/core/methods.go:49.2,49.12 1 1
github.com/daniyelford/NeuroCallAi/core/methods.go:53.11,55.22 1 1
github.com/daniyelford/NeuroCallAi/core/methods.go:55.22,57.3 1 0
github.com/daniyelford/NeuroCallAi/core/methods.go:59.2,64.21 2 1
github.com/daniyelford/NeuroCallAi/core/methods.go:64.21,68.3 1 1
github.com/daniyelford/NeuroCallAi/core/methods.go:70.2,70.12 1 1
github.com/daniyelford/NeuroCallAi/core/methods.go:72.49,75.45 2 1
github.com/daniyelford/NeuroCallAi/core/methods.go:75.45,77.3 1 1
github.com/daniyelford/NeuroCallAi/core/methods.go:79.2,82.45 2 1
github.com/daniyelford/NeuroCallAi/core/methods.go:82.45,86.3 1 1
github.com/daniyelford/NeuroCallAi/core/methods.go:88.2,88.47 1 1
github.com/daniyelford/NeuroCallAi/core/methods.go:88.47,89.39 1 1
github.com/daniyelford/NeuroCallAi/core/methods.go:89.39,90.12 1 1
github.com/daniyelford/NeuroCallAi/core/methods.go:93.3,94.16 2 1
github.com/daniyelford/NeuroCallAi/core/methods.go:94.16,99.4 1 0
github.com/daniyelford/NeuroCallAi/core/methods.go:101.3,105.47 2 1
github.com/daniyelford/NeuroCallAi/core/methods.go:105.47,111.22 2 0
github.com/daniyelford/NeuroCallAi/core/methods.go:111.22,113.5 1 0
github.com/daniyelford/NeuroCallAi/core/methods.go:116.3,116.16 1 1
github.com/daniyelford/NeuroCallAi/core/methods.go:116.16,120.4 1 0
github.com/daniyelford/NeuroCallAi/core/methods.go:122.3,124.23 2 1
github.com/daniyelford/NeuroCallAi/core/methods.go:124.23,126.4 1 1
github.com/daniyelford/NeuroCallAi/core/methods.go:128.3,132.9 1 1
github.com/daniyelford/NeuroCallAi/core/methods.go:135.2,135.39 1 1
github.com/daniyelford/NeuroCallAi/core/methods.go:139.21,142.49 2 1
github.com/daniyelford/NeuroCallAi/core/methods.go:142.49,143.17 1 1
github.com/daniyelford/NeuroCallAi/core/methods.go:144.12,150.6 1 1
github.com/daniyelford/NeuroCallAi/core/methods.go:152.12,158.6 1 1
github.com/daniyelford/NeuroCallAi/core/methods.go:162.2,162.15 1 1
github.com/daniyelford/NeuroCallAi/core/methods.go:164.56,171.21 2 1
github.com/daniyelford/NeuroCallAi/core/methods.go:171.21,173.3 1 0
github.com/daniyelford/NeuroCallAi/core/methods.go:175.2,179.21 2 1
github.com/daniyelford/NeuroCallAi/core/methods.go:179.21,181.3 1 0
github.com/daniyelford/NeuroCallAi/core/methods.go:182.2,182.39 1 1
github.com/daniyelford/NeuroCallAi/core/methods.go:182.39,184.3 1 1
github.com/daniyelford/NeuroCallAi/core/methods.go:185.2,190.33 2 1
github.com/daniyelford/NeuroCallAi/core/methods.go:190.33,192.15 2 1
github.com/daniyelford/NeuroCallAi/core/methods.go:192.15,193.12 1 0
github.com/daniyelford/NeuroCallAi/core/methods.go:196.3,204.27 3 1
github.com/daniyelford/NeuroCallAi/core/methods.go:207.2,207.21 1 1
github.com/daniyelford/NeuroCallAi/core/methods.go:207.21,209.3 1 1
github.com/daniyelford/NeuroCallAi/core/methods.go:211.2,211.17 1 1
github.com/daniyelford/NeuroCallAi/core/methods.go:218.10,231.19 8 1
github.com/daniyelford/NeuroCallAi/core/methods.go:231.19,235.3 1 1
github.com/daniyelford/NeuroCallAi/core/methods.go:236.2,241.27 6 1
github.com/daniyelford/NeuroCallAi/core/methods.go:247.3,249.17 2 1
github.com/daniyelford/NeuroCallAi/core/methods.go:249.17,251.3 1 0
github.com/daniyelford/NeuroCallAi/core/methods.go:252.2,257.3 1 1
github.com/daniyelford/NeuroCallAi/core/methods.go:259.29,278.2 1 0
github.com/daniyelford/NeuroCallAi/core/methods.go:282.13,287.9 3 0
github.com/daniyelford/NeuroCallAi/core/methods.go:287.9,289.3 1 0
github.com/daniyelford/NeuroCallAi/core/methods.go:291.2,293.19 2 0
github.com/daniyelford/NeuroCallAi/core/methods.go:298.10,301.14 2 1
github.com/daniyelford/NeuroCallAi/core/methods.go:301.14,303.3 1 1
github.com/daniyelford/NeuroCallAi/core/methods.go:304.2,341.27 9 1
github.com/daniyelford/NeuroCallAi/core/methods.go:343.39,350.16 3 1
github.com/daniyelford/NeuroCallAi/core/methods.go:350.16,353.23 2 1
github.com/daniyelford/NeuroCallAi/core/methods.go:353.23,355.4 1 0
github.com/daniyelford/NeuroCallAi/core/methods.go:355.9,357.4 1 1
github.com/daniyelford/NeuroCallAi/core/methods.go:360.2,364.19 3 1
github.com/daniyelford/NeuroCallAi/core/methods.go:364.19,365.37 1 1
github.com/daniyelford/NeuroCallAi/core/methods.go:365.37,366.9 1 1
github.com/daniyelford/NeuroCallAi/core/methods.go:369.3,369.13 1 1
github.com/daniyelford/NeuroCallAi/core/methods.go:372.2,375.53 2 1
github.com/daniyelford/NeuroCallAi/core/methods.go:377.38,390.15 7 1
github.com/daniyelford/NeuroCallAi/core/methods.go:390.15,392.3 1 1
github.com/daniyelford/NeuroCallAi/core/methods.go:394.2,394.22 1 1
github.com/daniyelford/NeuroCallAi/core/methods.go:396.38,399.16 2 1
github.com/daniyelford/NeuroCallAi/core/methods.go:399.16,402.23 2 1
github.com/daniyelford/NeuroCallAi/core/methods.go:402.23,404.4 1 0
github.com/daniyelford/NeuroCallAi/core/methods.go:404.9,406.4 1 1
github.com/daniyelford/NeuroCallAi/core/methods.go:409.2,411.19 2 1
github.com/daniyelford/NeuroCallAi/core/methods.go:411.19,413.3 1 0
github.com/daniyelford/NeuroCallAi/core/methods.go:415.2,417.19 2 1
github.com/daniyelford/NeuroCallAi/core/methods.go:417.19,418.37 1 1
github.com/daniyelford/NeuroCallAi/core/methods.go:418.37,419.9 1 1
github.com/daniyelford/NeuroCallAi/core/methods.go:422.3,422.13 1 1
github.com/daniyelford/NeuroCallAi/core/methods.go:425.2,427.19 2 1
github.com/daniyelford/NeuroCallAi/core/methods.go:427.19,429.3 1 1
github.com/daniyelford/NeuroCallAi/core/methods.go:429.8,432.3 1 1
github.com/daniyelford/NeuroCallAi/core/methods.go:434.2,439.22 2 1
github.com/daniyelford/NeuroCallAi/core/methods.go:441.37,450.19 6 1
github.com/daniyelford/NeuroCallAi/core/methods.go:450.19,454.3 1 1
github.com/daniyelford/NeuroCallAi/core/methods.go:454.8,458.3 1 1
github.com/daniyelford/NeuroCallAi/core/methods.go:460.2,460.15 1 1
github.com/daniyelford/NeuroCallAi/core/methods.go:460.15,462.3 1 1
github.com/daniyelford/NeuroCallAi/core/methods.go:464.2,464.22 1 1
github.com/daniyelford/NeuroCallAi/core/methods.go:468.30,470.20 1 1
github.com/daniyelford/NeuroCallAi/core/methods.go:472.14,473.21 1 1
github.com/daniyelford/NeuroCallAi/core/methods.go:475.14,476.21 1 0
github.com/daniyelford/NeuroCallAi/core/methods.go:478.10,482.4 1 0
github.com/daniyelford/NeuroCallAi/core/methods.go:487.30,489.20 1 1
github.com/daniyelford/NeuroCallAi/core/methods.go:491.14,492.21 1 1
github.com/daniyelford/NeuroCallAi/core/methods.go:494.14,495.21 1 0
github.com/daniyelford/NeuroCallAi/core/methods.go:497.10,501.4 1 0
github.com/daniyelford/NeuroCallAi/core/methods.go:504.28,506.43 2 1
github.com/daniyelford/NeuroCallAi/core/methods.go:506.43,508.3 1 0
github.com/daniyelford/NeuroCallAi/core/methods.go:509.2,509.38 1 1
github.com/daniyelford/NeuroCallAi/core/methods.go:514.11,516.23 1 0
github.com/daniyelford/NeuroCallAi/core/methods.go:516.23,518.3 1 0
github.com/daniyelford/NeuroCallAi/core/methods.go:520.2,520.36 1 0
github.com/daniyelford/NeuroCallAi/core/methods.go:525.24,531.2 1 0
github.com/daniyelford/NeuroCallAi/core/methods.go:532.32,535.2 1 1
github.com/daniyelford/NeuroCallAi/core/methods.go:536.42,538.2 1 1
